<html>
<body>
<pre>
<h1>µVision Build Log</h1>
<h2>Tool Versions:</h2>
IDE-Version: µVision V5.24.2.0
Copyright (C) 2017 ARM Ltd and ARM Germany GmbH. All rights reserved.
License Information: Rafiq Rahman, SixR Technic (M) Sdn Bhd, LIC=4ZLII-T768T-030M2-966BG-KSD4K-V1YBT
 
Tool Versions:
Toolchain:       MDK-ARM Professional  Version: 5.24.1
Toolchain Path:  C:\Keil_v5\ARM\ARMCC\Bin
C Compiler:      Armcc.exe V5.06 update 5 (build 528)
Assembler:       Armasm.exe V5.06 update 5 (build 528)
Linker/Locator:  ArmLink.exe V5.06 update 5 (build 528)
Library Manager: ArmAr.exe V5.06 update 5 (build 528)
Hex Converter:   FromElf.exe V5.06 update 5 (build 528)
CPU DLL:         SARMCM3.DLL V5.24.1
Dialog DLL:      DCM.DLL V1.16.0.0
Target DLL:      UL2CM3.DLL V1.160.3.0
Dialog DLL:      TCM.DLL V1.32.0.0
 
<h2>Project:</h2>
C:\Users\Rafiq Rahman\Documents\CubeMX Workspace\FireBull_Rafiq_First\MDK-ARM\FireBull_Rafiq_First.uvprojx
Project File Date:  12/01/2017

<h2>Output:</h2>
*** Using Compiler 'V5.06 update 5 (build 528)', folder: 'C:\Keil_v5\ARM\ARMCC\Bin'
Rebuild target 'FireBull_Rafiq_First'
compiling system_stm32f1xx.c...
compiling stm32f1xx_hal_flash_ex.c...
compiling stm32f1xx_hal_tim.c...
compiling stm32f1xx_hal_rcc_ex.c...
compiling stm32f1xx_hal_pwr.c...
compiling stm32f1xx_hal_flash.c...
compiling stm32f1xx_hal_rcc.c...
compiling stm32f1xx_hal_adc.c...
compiling stm32f1xx_hal_dma.c...
compiling stm32f1xx_hal_adc_ex.c...
compiling stm32f1xx_hal_cortex.c...
compiling stm32f1xx_hal_tim_ex.c...
compiling stm32f1xx_hal_gpio_ex.c...
compiling stm32f1xx_hal_gpio.c...
compiling stm32f1xx_hal.c...
assembling startup_stm32f103xe.s...
compiling stm32f1xx_hal_msp.c...
compiling main.c...
compiling stm32f1xx_it.c...
compiling Rafiq_ILI9325_TFT.c...
Rafiq_ILI9325_TFT.c(38): warning:  #177-D: function "TFT_LCD_RST"  was declared but never referenced
  static void TFT_LCD_RST(bool state)
Rafiq_ILI9325_TFT.c(126): warning:  #177-D: function "LCD_WriteRAM"  was declared but never referenced
  void LCD_WriteRAM(uint16_t RGB_Code)
Rafiq_ILI9325_TFT.c(149): warning:  #177-D: function "LCD_ReadPoint"  was declared but never referenced
  uint16_t LCD_ReadPoint(uint8_t x,uint16_t y)
Rafiq_ILI9325_TFT.c(170): warning:  #177-D: function "LCD_DisplayOn"  was declared but never referenced
  void LCD_DisplayOn(void)
Rafiq_ILI9325_TFT.c(176): warning:  #177-D: function "LCD_DisplayOff"  was declared but never referenced
  void LCD_DisplayOff(void)
Rafiq_ILI9325_TFT.c(10): warning:  #177-D: variable "rotationNum"  was declared but never referenced
  static uint8_t rotationNum=1;
Rafiq_ILI9325_TFT.c(11): warning:  #177-D: variable "_cp437"  was declared but never referenced
  static bool _cp437    = false;
Rafiq_ILI9325_TFT.c: 7 warnings, 0 errors
linking...
Program Size: Code=7004 RO-data=352 RW-data=16 ZI-data=1072  
"FireBull_Rafiq_First\FireBull_Rafiq_First.axf" - 0 Error(s), 7 Warning(s).

<h2>Software Packages used:</h2>

Package Vendor: ARM
                http://www.keil.com/pack/ARM.CMSIS.5.2.0.pack
                ARM.CMSIS.5.2.0
                CMSIS (Cortex Microcontroller Software Interface Standard)
   * Component: CORE Version: 5.0.2

Package Vendor: Keil
                http://www.keil.com/pack/Keil.STM32F1xx_DFP.2.2.0.pack
                Keil.STM32F1xx_DFP.2.2.0
                STMicroelectronics STM32F1 Series Device Support, Drivers and Examples

<h2>Collection of Component include folders:</h2>
  .\RTE\_FireBull_Rafiq_First
  C:\Keil_v5\ARM\PACK\ARM\CMSIS\5.2.0\CMSIS\Include
  C:\Keil_v5\ARM\PACK\Keil\STM32F1xx_DFP\2.2.0\Device\Include

<h2>Collection of Component Files used:</h2>

   * Component: ARM::CMSIS:CORE:5.0.2
Build Time Elapsed:  00:00:57
</pre>
</body>
</html>
