Component: ARM Compiler 5.06 update 5 (build 528) Tool: armlink [4d35e2]

==============================================================================

Section Cross References

    system_stm32f1xx.o(i.SystemCoreClockUpdate) refers to system_stm32f1xx.o(.data) for .data
    system_stm32f1xx.o(i.SystemCoreClockUpdate) refers to system_stm32f1xx.o(.constdata) for .constdata
    gfx_mk.o(i.StartupLogoDisplay) refers to gfx_mk.o(i.gdispGFillArea) for gdispGFillArea
    gfx_mk.o(i.StartupLogoDisplay) refers to gfx_mk.o(.constdata) for .constdata
    gfx_mk.o(i._gdispDeInitDriver) refers to gfx_mk.o(i.gdriverGetInstance) for gdriverGetInstance
    gfx_mk.o(i._gdispDeInitDriver) refers to gfx_mk.o(.data) for .data
    gfx_mk.o(i._gdispInit) refers to gfx_mk.o(i.gdriverRegister) for gdriverRegister
    gfx_mk.o(i._gdispInit) refers to gfx_mk.o(i.gfxSleepMilliseconds) for gfxSleepMilliseconds
    gfx_mk.o(i._gdispInit) refers to gfx_mk.o(i.gdispGClear) for gdispGClear
    gfx_mk.o(i._gdispInit) refers to gfx_mk.o(i.gdriverGetNext) for gdriverGetNext
    gfx_mk.o(i._gdispInit) refers to gdisp_lld_ili9320.o(.constdata) for GDISPVMT_OnlyOne
    gfx_mk.o(i._gdispInit) refers to gfx_mk.o(.data) for .data
    gfx_mk.o(i._gdispInitDriver) refers to gdisp_lld_ili9320.o(i.gdisp_lld_init) for gdisp_lld_init
    gfx_mk.o(i._gdispPostInitDriver) refers to gfx_mk.o(i.gdispGControl) for gdispGControl
    gfx_mk.o(i._gdispPostInitDriver) refers to gfx_mk.o(i.gdispGSetClip) for gdispGSetClip
    gfx_mk.o(i._gdispPostInitDriver) refers to gfx_mk.o(i.gdispGClear) for gdispGClear
    gfx_mk.o(i._gdispPostInitDriver) refers to gfx_mk.o(i.StartupLogoDisplay) for StartupLogoDisplay
    gfx_mk.o(i._gdispPostInitDriver) refers to gfx_mk.o(.data) for .data
    gfx_mk.o(i._gdriverDeinit) refers to gfx_mk.o(i.gdriverUnRegister) for gdriverUnRegister
    gfx_mk.o(i._gdriverDeinit) refers to gfx_mk.o(.data) for .data
    gfx_mk.o(i._gfxAdjustCxt) refers to memcpya.o(.text) for __aeabi_memcpy
    gfx_mk.o(i._gfxAdjustCxt) refers to gfx_mk.o(.data) for .data
    gfx_mk.o(i._gfxGetStackState) refers to setjmp.o(.text) for setjmp
    gfx_mk.o(i._gfxGetStackState) refers to gfx_mk.o(.data) for .data
    gfx_mk.o(i._gfxGetStackStateInFn) refers to gfx_mk.o(i._gfxGetStackState) for _gfxGetStackState
    gfx_mk.o(i._gfxGetStackStateInFn) refers to gfx_mk.o(.data) for .data
    gfx_mk.o(i._gfxThreadsInit) refers to gfx_mk.o(i._gfxGetStackStateInFn) for _gfxGetStackStateInFn
    gfx_mk.o(i._gfxThreadsInit) refers to gfx_mk.o(i._gfxGetStackState) for _gfxGetStackState
    gfx_mk.o(i._gfxThreadsInit) refers to gfx_mk.o(.bss) for .bss
    gfx_mk.o(i._gfxThreadsInit) refers to gfx_mk.o(.data) for .data
    gfx_mk.o(i._gfxXSwitch) refers to setjmp.o(.text) for setjmp
    gfx_mk.o(i._gfxXSwitch) refers to gfx_mk.o(i.gfxThreadExit) for gfxThreadExit
    gfx_mk.o(i._gfxXSwitch) refers to gfx_mk.o(i._gfxAdjustCxt) for _gfxAdjustCxt
    gfx_mk.o(i._gfxXSwitch) refers to gfx_mk.o(.data) for .data
    gfx_mk.o(i._gosInit) refers to gfx_mk.o(i._gosThreadsInit) for _gosThreadsInit
    gfx_mk.o(i._gosThreadsInit) refers to gfx_mk.o(i._gfxThreadsInit) for _gfxThreadsInit
    gfx_mk.o(i._gosThreadsInit) refers to gfx_mk.o(.data) for .data
    gfx_mk.o(i._gosThreadsInit) refers to gfx_mk.o(.bss) for .bss
    gfx_mk.o(i.drawcharglyph) refers to gfx_mk.o(i.mf_render_character) for mf_render_character
    gfx_mk.o(i.drawcharglyph) refers to gfx_mk.o(i.drawcharline) for drawcharline
    gfx_mk.o(i.drawcharline) refers to gfx_mk.o(i.hline_clip) for hline_clip
    gfx_mk.o(i.drawpixel_clip) refers to gdisp_lld_ili9320.o(i.gdisp_lld_write_start) for gdisp_lld_write_start
    gfx_mk.o(i.drawpixel_clip) refers to gdisp_lld_ili9320.o(i.gdisp_lld_write_color) for gdisp_lld_write_color
    gfx_mk.o(i.drawpixel_clip) refers to gdisp_lld_ili9320.o(i.gdisp_lld_write_stop) for gdisp_lld_write_stop
    gfx_mk.o(i.fillarea) refers to gdisp_lld_ili9320.o(i.gdisp_lld_write_start) for gdisp_lld_write_start
    gfx_mk.o(i.fillarea) refers to gdisp_lld_ili9320.o(i.gdisp_lld_write_color) for gdisp_lld_write_color
    gfx_mk.o(i.fillarea) refers to gdisp_lld_ili9320.o(i.gdisp_lld_write_stop) for gdisp_lld_write_stop
    gfx_mk.o(i.fillcharglyph) refers to gfx_mk.o(i.mf_render_character) for mf_render_character
    gfx_mk.o(i.fillcharglyph) refers to gfx_mk.o(i.drawcharline) for drawcharline
    gfx_mk.o(i.gdispAddFont) refers to gfx_mk.o(i.gfxAlloc) for gfxAlloc
    gfx_mk.o(i.gdispAddFont) refers to gfx_mk.o(.data) for .data
    gfx_mk.o(i.gdispAddFont) refers to gfx_mk.o(.constdata) for .constdata
    gfx_mk.o(i.gdispCloseFont) refers to mallocr.o(i.__free$realloc) for free
    gfx_mk.o(i.gdispGBlitArea) refers to gdisp_lld_ili9320.o(i.gdisp_lld_write_start) for gdisp_lld_write_start
    gfx_mk.o(i.gdispGBlitArea) refers to gdisp_lld_ili9320.o(i.gdisp_lld_write_color) for gdisp_lld_write_color
[...]

    ../Drivers/STM32F1xx_HAL_Driver/Src/stm32f1xx_hal.c 0x00000000   Number         0  stm32f1xx_hal.o ABSOLUTE
    ../Drivers/STM32F1xx_HAL_Driver/Src/stm32f1xx_hal_adc.c 0x00000000   Number         0  stm32f1xx_hal_adc.o ABSOLUTE
    ../Drivers/STM32F1xx_HAL_Driver/Src/stm32f1xx_hal_adc_ex.c 0x00000000   Number         0  stm32f1xx_hal_adc_ex.o ABSOLUTE
    ../Drivers/STM32F1xx_HAL_Driver/Src/stm32f1xx_hal_cortex.c 0x00000000   Number         0  stm32f1xx_hal_cortex.o ABSOLUTE
    ../Drivers/STM32F1xx_HAL_Driver/Src/stm32f1xx_hal_dma.c 0x00000000   Number         0  stm32f1xx_hal_dma.o ABSOLUTE
    ../Drivers/STM32F1xx_HAL_Driver/Src/stm32f1xx_hal_flash.c 0x00000000   Number         0  stm32f1xx_hal_flash.o ABSOLUTE
    ../Drivers/STM32F1xx_HAL_Driver/Src/stm32f1xx_hal_flash_ex.c 0x00000000   Number         0  stm32f1xx_hal_flash_ex.o ABSOLUTE
    ../Drivers/STM32F1xx_HAL_Driver/Src/stm32f1xx_hal_gpio.c 0x00000000   Number         0  stm32f1xx_hal_gpio.o ABSOLUTE
    ../Drivers/STM32F1xx_HAL_Driver/Src/stm32f1xx_hal_gpio_ex.c 0x00000000   Number         0  stm32f1xx_hal_gpio_ex.o ABSOLUTE
    ../Drivers/STM32F1xx_HAL_Driver/Src/stm32f1xx_hal_pwr.c 0x00000000   Number         0  stm32f1xx_hal_pwr.o ABSOLUTE
    ../Drivers/STM32F1xx_HAL_Driver/Src/stm32f1xx_hal_rcc.c 0x00000000   Number         0  stm32f1xx_hal_rcc.o ABSOLUTE
    ../Drivers/STM32F1xx_HAL_Driver/Src/stm32f1xx_hal_rcc_ex.c 0x00000000   Number         0  stm32f1xx_hal_rcc_ex.o ABSOLUTE
    ../Drivers/STM32F1xx_HAL_Driver/Src/stm32f1xx_hal_tim.c 0x00000000   Number         0  stm32f1xx_hal_tim.o ABSOLUTE
    ../Drivers/STM32F1xx_HAL_Driver/Src/stm32f1xx_hal_tim_ex.c 0x00000000   Number         0  stm32f1xx_hal_tim_ex.o ABSOLUTE
    ../Src/main.c                            0x00000000   Number         0  main.o ABSOLUTE
    ../Src/stm32f1xx_hal_msp.c               0x00000000   Number         0  stm32f1xx_hal_msp.o ABSOLUTE
    ../Src/stm32f1xx_it.c                    0x00000000   Number         0  stm32f1xx_it.o ABSOLUTE
    ../Src/system_stm32f1xx.c                0x00000000   Number         0  system_stm32f1xx.o ABSOLUTE
    ../clib/microlib/division.c              0x00000000   Number         0  uidiv.o ABSOLUTE
    ../clib/microlib/division.c              0x00000000   Number         0  uldiv.o ABSOLUTE
    ../clib/microlib/errno.c                 0x00000000   Number         0  errno.o ABSOLUTE
    ../clib/microlib/init/entry.s            0x00000000   Number         0  entry11b.o ABSOLUTE
    ../clib/microlib/init/entry.s            0x00000000   Number         0  entry11a.o ABSOLUTE
    ../clib/microlib/init/entry.s            0x00000000   Number         0  entry.o ABSOLUTE
    ../clib/microlib/init/entry.s            0x00000000   Number         0  entry10b.o ABSOLUTE
    ../clib/microlib/init/entry.s            0x00000000   Number         0  entry10a.o ABSOLUTE
    ../clib/microlib/init/entry.s            0x00000000   Number         0  entry2.o ABSOLUTE
    ../clib/microlib/init/entry.s            0x00000000   Number         0  entry9b.o ABSOLUTE
    ../clib/microlib/init/entry.s            0x00000000   Number         0  entry5.o ABSOLUTE
    ../clib/microlib/init/entry.s            0x00000000   Number         0  entry7a.o ABSOLUTE
    ../clib/microlib/init/entry.s            0x00000000   Number         0  entry9a.o ABSOLUTE
    ../clib/microlib/init/entry.s            0x00000000   Number         0  entry7b.o ABSOLUTE
    ../clib/microlib/init/entry.s            0x00000000   Number         0  entry8a.o ABSOLUTE
    ../clib/microlib/init/entry.s            0x00000000   Number         0  entry8b.o ABSOLUTE
    ../clib/microlib/longlong.c              0x00000000   Number         0  llushr.o ABSOLUTE
    ../clib/microlib/longlong.c              0x00000000   Number         0  llsshr.o ABSOLUTE
    ../clib/microlib/longlong.c              0x00000000   Number         0  llshl.o ABSOLUTE
    ../clib/microlib/malloc/malloc.c         0x00000000   Number         0  mallocra.o ABSOLUTE
    ../clib/microlib/malloc/malloc.c         0x00000000   Number         0  malloca.o ABSOLUTE
    ../clib/microlib/malloc/malloc.c         0x00000000   Number         0  mallocr.o ABSOLUTE
    ../clib/microlib/malloc/malloc.c         0x00000000   Number         0  malloc.o ABSOLUTE
    ../clib/microlib/malloc/mvars.c          0x00000000   Number         0  mvars.o ABSOLUTE
    ../clib/microlib/printf/printf.c         0x00000000   Number         0  printf1.o ABSOLUTE
    ../clib/microlib/printf/printf.c         0x00000000   Number         0  printf5.o ABSOLUTE
    ../clib/microlib/printf/printf.c         0x00000000   Number         0  printf6.o ABSOLUTE
    ../clib/microlib/printf/printf.c         0x00000000   Number         0  printfa.o ABSOLUTE
    ../clib/microlib/printf/printf.c         0x00000000   Number         0  printf8.o ABSOLUTE
    ../clib/microlib/printf/printf.c         0x00000000   Number         0  printf0.o ABSOLUTE
    ../clib/microlib/printf/printf.c         0x00000000   Number         0  printf7.o ABSOLUTE
    ../clib/microlib/printf/printf.c         0x00000000   Number         0  printfb.o ABSOLUTE
    ../clib/microlib/printf/printf.c         0x00000000   Number         0  printf4.o ABSOLUTE
    ../clib/microlib/printf/printf.c         0x00000000   Number         0  printf3.o ABSOLUTE
    ../clib/microlib/printf/printf.c         0x00000000   Number         0  printf2.o ABSOLUTE
    ../clib/microlib/printf/stubs.s          0x00000000   Number         0  stubs.o ABSOLUTE
    ../clib/microlib/stdio/fputc.c           0x00000000   Number         0  fputc.o ABSOLUTE
    ../clib/microlib/stdio/semi.s            0x00000000   Number         0  semi.o ABSOLUTE
    ../clib/microlib/stdio/streams.c         0x00000000   Number         0  stdout.o ABSOLUTE
    ../clib/microlib/string/memcpy.c         0x00000000   Number         0  memcpya.o ABSOLUTE
    ../clib/microlib/string/memcpy.c         0x00000000   Number         0  memcpyb.o ABSOLUTE
    ../clib/microlib/string/memset.c         0x00000000   Number         0  memseta.o ABSOLUTE
    ../clib/microlib/string/strncpy.c        0x00000000   Number         0  strncpy.o ABSOLUTE
    ../clib/microlib/stubs.s                 0x00000000   Number         0  iusesemip.o ABSOLUTE
    ../clib/microlib/stubs.s                 0x00000000   Number         0  iusefp.o ABSOLUTE
    ../fplib/microlib/fpadd.c                0x00000000   Number         0  dadd.o ABSOLUTE
    ../fplib/microlib/fpdiv.c                0x00000000   Number         0  ddiv.o ABSOLUTE
    ../fplib/microlib/fpepilogue.c           0x00000000   Number         0  depilogue.o ABSOLUTE
    ../fplib/microlib/fpfix.c                0x00000000   Number         0  dfixul.o ABSOLUTE
    ../fplib/microlib/fpfix.c                0x00000000   Number         0  dfixi.o ABSOLUTE
    ../fplib/microlib/fpflt.c                0x00000000   Number         0  dflti.o ABSOLUTE
    ../fplib/microlib/fpflt.c                0x00000000   Number         0  dfltui.o ABSOLUTE
    ../fplib/microlib/fpmul.c                0x00000000   Number         0  dmul.o ABSOLUTE
    ../fplib/microlib/fpscalb.c              0x00000000   Number         0  dscalb.o ABSOLUTE
    ../fplib/setjmp.s                        0x00000000   Number         0  setjmp.o ABSOLUTE
    ../mathlib/cos.c                         0x00000000   Number         0  cos_x.o ABSOLUTE
    ../mathlib/cos.c                         0x00000000   Number         0  cos.o ABSOLUTE
    ../mathlib/cos_i.c                       0x00000000   Number         0  cos_i.o ABSOLUTE
    ../mathlib/dunder.c                      0x00000000   Number         0  dunder.o ABSOLUTE
    ../mathlib/floor.c                       0x00000000   Number         0  floor.o ABSOLUTE
    ../mathlib/fpclassify.c                  0x00000000   Number         0  fpclassify.o ABSOLUTE
    ../mathlib/poly.c                        0x00000000   Number         0  poly.o ABSOLUTE
    ../mathlib/rred.c                        0x00000000   Number         0  rred.o ABSOLUTE
    ../mathlib/sin.c                         0x00000000   Number         0  sin.o ABSOLUTE
    ../mathlib/sin.c                         0x00000000   Number         0  sin_x.o ABSOLUTE
    ../mathlib/sin_i.c                       0x00000000   Number         0  sin_i_x.o ABSOLUTE
    ../mathlib/sin_i.c                       0x00000000   Number         0  sin_i.o ABSOLUTE
    ../mathlib/tan.c                         0x00000000   Number         0  tan_x.o ABSOLUTE
    ../mathlib/tan.c                         0x00000000   Number         0  tan.o ABSOLUTE
    ../mathlib/tan_i.c                       0x00000000   Number         0  tan_i.o ABSOLUTE
    ../mathlib/tan_i.c                       0x00000000   Number         0  tan_i_x.o ABSOLUTE
    ..\Drivers\STM32F1xx_HAL_Driver\Src\stm32f1xx_hal.c 0x00000000   Number         0  stm32f1xx_hal.o ABSOLUTE
    ..\Drivers\STM32F1xx_HAL_Driver\Src\stm32f1xx_hal_adc.c 0x00000000   Number         0  stm32f1xx_hal_adc.o ABSOLUTE
    ..\Drivers\STM32F1xx_HAL_Driver\Src\stm32f1xx_hal_adc_ex.c 0x00000000   Number         0  stm32f1xx_hal_adc_ex.o ABSOLUTE
    ..\Drivers\STM32F1xx_HAL_Driver\Src\stm32f1xx_hal_cortex.c 0x00000000   Number         0  stm32f1xx_hal_cortex.o ABSOLUTE
    ..\Drivers\STM32F1xx_HAL_Driver\Src\stm32f1xx_hal_dma.c 0x00000000   Number         0  stm32f1xx_hal_dma.o ABSOLUTE
    ..\Drivers\STM32F1xx_HAL_Driver\Src\stm32f1xx_hal_flash.c 0x00000000   Number         0  stm32f1xx_hal_flash.o ABSOLUTE
    ..\Drivers\STM32F1xx_HAL_Driver\Src\stm32f1xx_hal_flash_ex.c 0x00000000   Number         0  stm32f1xx_hal_flash_ex.o ABSOLUTE
    ..\Drivers\STM32F1xx_HAL_Driver\Src\stm32f1xx_hal_gpio.c 0x00000000   Number         0  stm32f1xx_hal_gpio.o ABSOLUTE
    ..\Drivers\STM32F1xx_HAL_Driver\Src\stm32f1xx_hal_gpio_ex.c 0x00000000   Number         0  stm32f1xx_hal_gpio_ex.o ABSOLUTE
    ..\Drivers\STM32F1xx_HAL_Driver\Src\stm32f1xx_hal_pwr.c 0x00000000   Number         0  stm32f1xx_hal_pwr.o ABSOLUTE
    ..\Drivers\STM32F1xx_HAL_Driver\Src\stm32f1xx_hal_rcc.c 0x00000000   Number         0  stm32f1xx_hal_rcc.o ABSOLUTE
    ..\Drivers\STM32F1xx_HAL_Driver\Src\stm32f1xx_hal_rcc_ex.c 0x00000000   Number         0  stm32f1xx_hal_rcc_ex.o ABSOLUTE
    ..\Drivers\STM32F1xx_HAL_Driver\Src\stm32f1xx_hal_tim.c 0x00000000   Number         0  stm32f1xx_hal_tim.o ABSOLUTE
    ..\Drivers\STM32F1xx_HAL_Driver\Src\stm32f1xx_hal_tim_ex.c 0x00000000   Number         0  stm32f1xx_hal_tim_ex.o ABSOLUTE
    ..\Src\main.c                            0x00000000   Number         0  main.o ABSOLUTE
    ..\Src\stm32f1xx_hal_msp.c               0x00000000   Number         0  stm32f1xx_hal_msp.o ABSOLUTE
    ..\Src\stm32f1xx_it.c                    0x00000000   Number         0  stm32f1xx_it.o ABSOLUTE
    ..\Src\system_stm32f1xx.c                0x00000000   Number         0  system_stm32f1xx.o ABSOLUTE
    cdrcmple.s                               0x00000000   Number         0  cdrcmple.o ABSOLUTE
    dc.s                                     0x00000000   Number         0  dc.o ABSOLUTE
    handlers.s                               0x00000000   Number         0  handlers.o ABSOLUTE
    init.s                                   0x00000000   Number         0  init.o ABSOLUTE
    startup_stm32f103xe.s                    0x00000000   Number         0  startup_stm32f103xe.o ABSOLUTE
    ugfx\\drivers\\gdisp\\ILI9320\\gdisp_lld_ILI9320.c 0x00000000   Number         0  gdisp_lld_ili9320.o ABSOLUTE
    ugfx\drivers\gdisp\ILI9320\gdisp_lld_ILI9320.c 0x00000000   Number         0  gdisp_lld_ili9320.o ABSOLUTE
    ugfx\src\gfx_mk.c                        0x00000000   Number         0  gfx_mk.o ABSOLUTE
    RESET                                    0x08000000   Section      304  startup_stm32f103xe.o(RESET)
    .ARM.Collect$$$$00000000                 0x08000130   Section        0  entry.o(.ARM.Collect$$$$00000000)
    .ARM.Collect$$$$00000001                 0x08000130   Section        4  entry2.o(.ARM.Collect$$$$00000001)
    .ARM.Collect$$$$00000004                 0x08000134   Section        4  entry5.o(.ARM.Collect$$$$00000004)
    .ARM.Collect$$$$00000008                 0x08000138   Section        0  entry7b.o(.ARM.Collect$$$$00000008)
    .ARM.Collect$$$$0000000A                 0x08000138   Section        0  entry8b.o(.ARM.Collect$$$$0000000A)
    .ARM.Collect$$$$0000000B                 0x08000138   Section        8  entry9a.o(.ARM.Collect$$$$0000000B)
    .ARM.Collect$$$$0000000D                 0x08000140   Section        0  entry10a.o(.ARM.Collect$$$$0000000D)
    .ARM.Collect$$$$0000000F                 0x08000140   Section        0  entry11a.o(.ARM.Collect$$$$0000000F)
    .ARM.Collect$$$$00002712                 0x08000140   Section        4  entry2.o(.ARM.Collect$$$$00002712)
    __lit__00000000                          0x08000140   Data           4  entry2.o(.ARM.Collect$$$$00002712)
    .text                                    0x08000144   Section       36  startup_stm32f103xe.o(.text)
    .text                                    0x08000168   Section        0  memcpya.o(.text)
    .text                                    0x0800018c   Section        0  memseta.o(.text)
    .text                                    0x080001b0   Section        0  strncpy.o(.text)
    .text                                    0x080001c8   Section       62  setjmp.o(.text)
    .text                                    0x08000206   Section        0  uidiv.o(.text)
    .text                                    0x08000234   Section       36  init.o(.text)
    i.ADC1_2_IRQHandler                      0x08000258   Section        0  stm32f1xx_it.o(i.ADC1_2_IRQHandler)
    i.ADC_ConversionStop_Disable             0x08000264   Section        0  stm32f1xx_hal_adc.o(i.ADC_ConversionStop_Disable)
    i.ADC_DMAConvCplt                        0x080002b0   Section        0  stm32f1xx_hal_adc.o(i.ADC_DMAConvCplt)
    i.ADC_DMAError                           0x080002fe   Section        0  stm32f1xx_hal_adc.o(i.ADC_DMAError)
    i.ADC_DMAHalfConvCplt                    0x08000318   Section        0  stm32f1xx_hal_adc.o(i.ADC_DMAHalfConvCplt)
    i.ADC_Enable                             0x08000324   Section        0  stm32f1xx_hal_adc.o(i.ADC_Enable)
    i.BusFault_Handler                       0x08000394   Section        0  stm32f1xx_it.o(i.BusFault_Handler)
    i.DMA1_Channel1_IRQHandler               0x08000398   Section        0  stm32f1xx_it.o(i.DMA1_Channel1_IRQHandler)
    i.DMA_SetConfig                          0x080003a4   Section        0  stm32f1xx_hal_dma.o(i.DMA_SetConfig)
    DMA_SetConfig                            0x080003a5   Thumb Code    42  stm32f1xx_hal_dma.o(i.DMA_SetConfig)
    i.DebugMon_Handler                       0x080003ce   Section        0  stm32f1xx_it.o(i.DebugMon_Handler)
    i.GPIOE_Read                             0x080003d0   Section        0  main.o(i.GPIOE_Read)
    i.GPIOE_Write                            0x080003f4   Section        0  main.o(i.GPIOE_Write)
    i.HAL_ADCEx_InjectedConvCpltCallback     0x08000414   Section        0  stm32f1xx_hal_adc_ex.o(i.HAL_ADCEx_InjectedConvCpltCallback)
    i.HAL_ADC_ConfigChannel                  0x08000418   Section        0  stm32f1xx_hal_adc.o(i.HAL_ADC_ConfigChannel)
    i.HAL_ADC_ConvCpltCallback               0x08000514   Section        0  stm32f1xx_hal_adc.o(i.HAL_ADC_ConvCpltCallback)
    i.HAL_ADC_ConvHalfCpltCallback           0x08000516   Section        0  stm32f1xx_hal_adc.o(i.HAL_ADC_ConvHalfCpltCallback)
    i.HAL_ADC_ErrorCallback                  0x08000518   Section        0  stm32f1xx_hal_adc.o(i.HAL_ADC_ErrorCallback)
    i.HAL_ADC_IRQHandler                     0x0800051a   Section        0  stm32f1xx_hal_adc.o(i.HAL_ADC_IRQHandler)
    i.HAL_ADC_Init                           0x08000600   Section        0  stm32f1xx_hal_adc.o(i.HAL_ADC_Init)
    i.HAL_ADC_LevelOutOfWindowCallback       0x08000720   Section        0  stm32f1xx_hal_adc.o(i.HAL_ADC_LevelOutOfWindowCallback)
    i.HAL_ADC_MspInit                        0x08000724   Section        0  stm32f1xx_hal_msp.o(i.HAL_ADC_MspInit)
    i.HAL_ADC_Start_DMA                      0x080007c8   Section        0  stm32f1xx_hal_adc.o(i.HAL_ADC_Start_DMA)
    i.HAL_DMA_IRQHandler                     0x080008d4   Section        0  stm32f1xx_hal_dma.o(i.HAL_DMA_IRQHandler)
    i.HAL_DMA_Init                           0x08000b1c   Section        0  stm32f1xx_hal_dma.o(i.HAL_DMA_Init)
    i.HAL_DMA_Start_IT                       0x08000ba0   Section        0  stm32f1xx_hal_dma.o(i.HAL_DMA_Start_IT)
    i.HAL_Delay                              0x08000c10   Section        0  stm32f1xx_hal.o(i.HAL_Delay)
    i.HAL_GPIO_Init                          0x08000c2c   Section        0  stm32f1xx_hal_gpio.o(i.HAL_GPIO_Init)
    i.HAL_GPIO_WritePin                      0x08000e14   Section        0  stm32f1xx_hal_gpio.o(i.HAL_GPIO_WritePin)
    i.HAL_GetTick                            0x08000e20   Section        0  stm32f1xx_hal.o(i.HAL_GetTick)
    i.HAL_IncTick                            0x08000e2c   Section        0  stm32f1xx_hal.o(i.HAL_IncTick)
    i.HAL_Init                               0x08000e3c   Section        0  stm32f1xx_hal.o(i.HAL_Init)
    i.HAL_InitTick                           0x08000e60   Section        0  stm32f1xx_hal.o(i.HAL_InitTick)
    i.HAL_MspInit                            0x08000e88   Section        0  stm32f1xx_hal_msp.o(i.HAL_MspInit)
    i.HAL_NVIC_EnableIRQ                     0x08000f1c   Section        0  stm32f1xx_hal_cortex.o(i.HAL_NVIC_EnableIRQ)
    i.HAL_NVIC_SetPriority                   0x08000f34   Section        0  stm32f1xx_hal_cortex.o(i.HAL_NVIC_SetPriority)
    i.HAL_NVIC_SetPriorityGrouping           0x08000f74   Section        0  stm32f1xx_hal_cortex.o(i.HAL_NVIC_SetPriorityGrouping)
    i.HAL_RCCEx_PeriphCLKConfig              0x08000f98   Section        0  stm32f1xx_hal_rcc_ex.o(i.HAL_RCCEx_PeriphCLKConfig)
    i.HAL_RCC_ClockConfig                    0x08001084   Section        0  stm32f1xx_hal_rcc.o(i.HAL_RCC_ClockConfig)
    i.HAL_RCC_GetHCLKFreq                    0x080011d8   Section        0  stm32f1xx_hal_rcc.o(i.HAL_RCC_GetHCLKFreq)
    i.HAL_RCC_GetSysClockFreq                0x080011e4   Section        0  stm32f1xx_hal_rcc.o(i.HAL_RCC_GetSysClockFreq)
    i.HAL_RCC_OscConfig                      0x08001250   Section        0  stm32f1xx_hal_rcc.o(i.HAL_RCC_OscConfig)
    i.HAL_SYSTICK_CLKSourceConfig            0x08001554   Section        0  stm32f1xx_hal_cortex.o(i.HAL_SYSTICK_CLKSourceConfig)
    i.HAL_SYSTICK_Callback                   0x0800156c   Section        0  stm32f1xx_hal_cortex.o(i.HAL_SYSTICK_Callback)
    i.HAL_SYSTICK_Config                     0x0800156e   Section        0  stm32f1xx_hal_cortex.o(i.HAL_SYSTICK_Config)
    i.HAL_SYSTICK_IRQHandler                 0x08001596   Section        0  stm32f1xx_hal_cortex.o(i.HAL_SYSTICK_IRQHandler)
    i.HardFault_Handler                      0x0800159e   Section        0  stm32f1xx_it.o(i.HardFault_Handler)
    i.MX_ADC1_Init                           0x080015a0   Section        0  main.o(i.MX_ADC1_Init)
    MX_ADC1_Init                             0x080015a1   Thumb Code   104  main.o(i.MX_ADC1_Init)
    i.MX_GPIO_Init                           0x08001610   Section        0  main.o(i.MX_GPIO_Init)
    MX_GPIO_Init                             0x08001611   Thumb Code   144  main.o(i.MX_GPIO_Init)
    i.MemManage_Handler                      0x080016ac   Section        0  stm32f1xx_it.o(i.MemManage_Handler)
    i.NMI_Handler                            0x080016ae   Section        0  stm32f1xx_it.o(i.NMI_Handler)
    i.NVIC_SetPriority                       0x080016b0   Section        0  stm32f1xx_hal_cortex.o(i.NVIC_SetPriority)
    NVIC_SetPriority                         0x080016b1   Thumb Code    32  stm32f1xx_hal_cortex.o(i.NVIC_SetPriority)
    i.PendSV_Handler                         0x080016d0   Section        0  stm32f1xx_it.o(i.PendSV_Handler)
    i.Qadd                                   0x080016d2   Section        0  gfx_mk.o(i.Qadd)
    Qadd                                     0x080016d3   Thumb Code    22  gfx_mk.o(i.Qadd)
    i.Qpop                                   0x080016e8   Section        0  gfx_mk.o(i.Qpop)
    Qpop                                     0x080016e9   Thumb Code    14  gfx_mk.o(i.Qpop)
    i.RCC_IRQHandler                         0x080016f6   Section        0  stm32f1xx_it.o(i.RCC_IRQHandler)
    i.SVC_Handler                            0x080016f8   Section        0  stm32f1xx_it.o(i.SVC_Handler)
    i.StartupLogoDisplay                     0x080016fc   Section        0  gfx_mk.o(i.StartupLogoDisplay)
    StartupLogoDisplay                       0x080016fd   Thumb Code   116  gfx_mk.o(i.StartupLogoDisplay)
    i.SysTick_Handler                        0x08001774   Section        0  stm32f1xx_it.o(i.SysTick_Handler)
    i.SystemClock_Config                     0x08001782   Section        0  main.o(i.SystemClock_Config)
    i.SystemInit                             0x080017f0   Section        0  system_stm32f1xx.o(i.SystemInit)
    i.UsageFault_Handler                     0x08001838   Section        0  stm32f1xx_it.o(i.UsageFault_Handler)
    i._Error_Handler                         0x0800183a   Section        0  main.o(i._Error_Handler)
    i.__0snprintf$1                          0x0800183c   Section        0  printf1.o(i.__0snprintf$1)
    i.__free$realloc                         0x0800186c   Section        0  mallocr.o(i.__free$realloc)
    i.__malloc$realloc                       0x080018c8   Section        0  mallocr.o(i.__malloc$realloc)
    i.__scatterload_copy                     0x08001918   Section       14  handlers.o(i.__scatterload_copy)
    i.__scatterload_null                     0x08001926   Section        2  handlers.o(i.__scatterload_null)
    i.__scatterload_zeroinit                 0x08001928   Section       14  handlers.o(i.__scatterload_zeroinit)
    i._gdispDeInitDriver                     0x08001938   Section        0  gfx_mk.o(i._gdispDeInitDriver)
    i._gdispInit                             0x08001954   Section        0  gfx_mk.o(i._gdispInit)
    i._gdispInitDriver                       0x08001994   Section        0  gfx_mk.o(i._gdispInitDriver)
    i._gdispPostInitDriver                   0x080019a4   Section        0  gfx_mk.o(i._gdispPostInitDriver)
    i._gfxAdjustCxt                          0x080019e8   Section        0  gfx_mk.o(i._gfxAdjustCxt)
    _gfxAdjustCxt                            0x080019e9   Thumb Code   122  gfx_mk.o(i._gfxAdjustCxt)
    i._gfxGetStackState                      0x08001a68   Section        0  gfx_mk.o(i._gfxGetStackState)
    i._gfxGetStackStateInFn                  0x08001a7c   Section        0  gfx_mk.o(i._gfxGetStackStateInFn)
    i._gfxThreadsInit                        0x08001a98   Section        0  gfx_mk.o(i._gfxThreadsInit)
    _gfxThreadsInit                          0x08001a99   Thumb Code   172  gfx_mk.o(i._gfxThreadsInit)
    i._gfxXSwitch                            0x08001b4c   Section        0  gfx_mk.o(i._gfxXSwitch)
    _gfxXSwitch                              0x08001b4d   Thumb Code    60  gfx_mk.o(i._gfxXSwitch)
    i._gosThreadsInit                        0x08001b8c   Section        0  gfx_mk.o(i._gosThreadsInit)
    i._printf_core                           0x08001bbc   Section        0  printf1.o(i._printf_core)
    _printf_core                             0x08001bbd   Thumb Code   336  printf1.o(i._printf_core)
    i._snputc                                0x08001d10   Section        0  printf1.o(i._snputc)
    _snputc                                  0x08001d11   Thumb Code    22  printf1.o(i._snputc)
    i.drawcharglyph                          0x08001d28   Section        0  gfx_mk.o(i.drawcharglyph)
    drawcharglyph                            0x08001d29   Thumb Code    24  gfx_mk.o(i.drawcharglyph)
    i.drawcharline                           0x08001d44   Section        0  gfx_mk.o(i.drawcharline)
    drawcharline                             0x08001d45   Thumb Code    92  gfx_mk.o(i.drawcharline)
    i.fillarea                               0x08001da0   Section        0  gfx_mk.o(i.fillarea)
    fillarea                                 0x08001da1   Thumb Code    42  gfx_mk.o(i.fillarea)
    i.find_glyph                             0x08001dca   Section        0  gfx_mk.o(i.find_glyph)
    find_glyph                               0x08001dcb   Thumb Code    54  gfx_mk.o(i.find_glyph)
    i.gdispGClear                            0x08001e00   Section        0  gfx_mk.o(i.gdispGClear)
    i.gdispGControl                          0x08001e36   Section        0  gfx_mk.o(i.gdispGControl)
    i.gdispGDrawString                       0x08001ea0   Section        0  gfx_mk.o(i.gdispGDrawString)
    i.gdispGFillArea                         0x08001ee8   Section        0  gfx_mk.o(i.gdispGFillArea)
    i.gdispGSetClip                          0x08001f5e   Section        0  gfx_mk.o(i.gdispGSetClip)
    i.gdispOpenFont                          0x08001fb4   Section        0  gfx_mk.o(i.gdispOpenFont)
    i.gdisp_lld_control                      0x08002004   Section        0  gdisp_lld_ili9320.o(i.gdisp_lld_control)
    i.gdisp_lld_init                         0x08002328   Section        0  gdisp_lld_ili9320.o(i.gdisp_lld_init)
    i.gdisp_lld_read_color                   0x08002742   Section        0  gdisp_lld_ili9320.o(i.gdisp_lld_read_color)
    i.gdisp_lld_read_start                   0x08002746   Section        0  gdisp_lld_ili9320.o(i.gdisp_lld_read_start)
    i.gdisp_lld_read_stop                    0x08002768   Section        0  gdisp_lld_ili9320.o(i.gdisp_lld_read_stop)
    i.gdisp_lld_write_color                  0x0800276c   Section        0  gdisp_lld_ili9320.o(i.gdisp_lld_write_color)
    i.gdisp_lld_write_start                  0x08002772   Section        0  gdisp_lld_ili9320.o(i.gdisp_lld_write_start)
    i.gdisp_lld_write_stop                   0x08002784   Section        0  gdisp_lld_ili9320.o(i.gdisp_lld_write_stop)
    i.gdriverGetInstance                     0x08002788   Section        0  gfx_mk.o(i.gdriverGetInstance)
    i.gdriverGetNext                         0x080027b0   Section        0  gfx_mk.o(i.gdriverGetNext)
    i.gdriverRegister                        0x080027d4   Section        0  gfx_mk.o(i.gdriverRegister)
    i.gfxAlloc                               0x0800285c   Section        0  gfx_mk.o(i.gfxAlloc)
    i.gfxExit                                0x08002860   Section        0  gfx_mk.o(i.gfxExit)
    i.gfxInit                                0x0800286c   Section        0  gfx_mk.o(i.gfxInit)
    i.gfxMillisecondsToTicks                 0x0800288c   Section        0  main.o(i.gfxMillisecondsToTicks)
    i.gfxSleepMicroseconds                   0x0800288e   Section        0  gfx_mk.o(i.gfxSleepMicroseconds)
    i.gfxSleepMilliseconds                   0x080028c4   Section        0  gfx_mk.o(i.gfxSleepMilliseconds)
    i.gfxSystemTicks                         0x080028f2   Section        0  main.o(i.gfxSystemTicks)
    i.gfxThreadExit                          0x080028f8   Section        0  gfx_mk.o(i.gfxThreadExit)
    i.gfxYield                               0x0800293c   Section        0  gfx_mk.o(i.gfxYield)
    i.hline_clip                             0x08002988   Section        0  gfx_mk.o(i.hline_clip)
    hline_clip                               0x08002989   Thumb Code   130  gfx_mk.o(i.hline_clip)
    i.internal_alloc                         0x08002a0c   Section        0  mallocr.o(i.internal_alloc)
    internal_alloc                           0x08002a0d   Thumb Code    76  mallocr.o(i.internal_alloc)
    i.main                                   0x08002a5c   Section        0  main.o(i.main)
    i.matchfont                              0x08002b4c   Section        0  gfx_mk.o(i.matchfont)
    matchfont                                0x08002b4d   Thumb Code    54  gfx_mk.o(i.matchfont)
    i.mf_character_width                     0x08002b82   Section        0  gfx_mk.o(i.mf_character_width)
    i.mf_get_string_width                    0x08002b9c   Section        0  gfx_mk.o(i.mf_get_string_width)
    i.mf_getchar                             0x08002bec   Section        0  gfx_mk.o(i.mf_getchar)
    i.mf_render_aligned                      0x08002c56   Section        0  gfx_mk.o(i.mf_render_aligned)
    i.mf_render_character                    0x08002d08   Section        0  gfx_mk.o(i.mf_render_character)
    i.mf_rewind                              0x08002d38   Section        0  gfx_mk.o(i.mf_rewind)
    i.mf_rlefont_character_width             0x08002d56   Section        0  gfx_mk.o(i.mf_rlefont_character_width)
    i.mf_rlefont_render_character            0x08002d64   Section        0  gfx_mk.o(i.mf_rlefont_render_character)
    i.mf_round_to_tab                        0x08002e14   Section        0  gfx_mk.o(i.mf_round_to_tab)
    mf_round_to_tab                          0x08002e15   Thumb Code    54  gfx_mk.o(i.mf_round_to_tab)
    i.mf_scaled_character_width              0x08002e4a   Section        0  gfx_mk.o(i.mf_scaled_character_width)
    i.mf_scaled_render_character             0x08002e60   Section        0  gfx_mk.o(i.mf_scaled_render_character)
    i.read_data                              0x08002eac   Section        0  gdisp_lld_ili9320.o(i.read_data)
    read_data                                0x08002ead   Thumb Code    38  gdisp_lld_ili9320.o(i.read_data)
    i.render_left                            0x08002edc   Section        0  gfx_mk.o(i.render_left)
    render_left                              0x08002edd   Thumb Code    72  gfx_mk.o(i.render_left)
    i.render_right                           0x08002f24   Section        0  gfx_mk.o(i.render_right)
    render_right                             0x08002f25   Thumb Code   156  gfx_mk.o(i.render_right)
    i.scaled_pixel_callback                  0x08002fc0   Section        0  gfx_mk.o(i.scaled_pixel_callback)
    scaled_pixel_callback                    0x08002fc1   Thumb Code    76  gfx_mk.o(i.scaled_pixel_callback)
    i.set_cursor                             0x0800300c   Section        0  gdisp_lld_ili9320.o(i.set_cursor)
    set_cursor                               0x0800300d   Thumb Code    88  gdisp_lld_ili9320.o(i.set_cursor)
    i.set_viewport                           0x08003064   Section        0  gdisp_lld_ili9320.o(i.set_viewport)
    set_viewport                             0x08003065   Thumb Code   170  gdisp_lld_ili9320.o(i.set_viewport)
    i.skip_pixels                            0x0800310e   Section        0  gfx_mk.o(i.skip_pixels)
    skip_pixels                              0x0800310f   Thumb Code    36  gfx_mk.o(i.skip_pixels)
    i.write_bin_codeword                     0x08003132   Section        0  gfx_mk.o(i.write_bin_codeword)
    write_bin_codeword                       0x08003133   Thumb Code   118  gfx_mk.o(i.write_bin_codeword)
    i.write_data                             0x080031a8   Section        0  gdisp_lld_ili9320.o(i.write_data)
    write_data                               0x080031a9   Thumb Code    36  gdisp_lld_ili9320.o(i.write_data)
    i.write_index                            0x080031d4   Section        0  gdisp_lld_ili9320.o(i.write_index)
    write_index                              0x080031d5   Thumb Code    56  gdisp_lld_ili9320.o(i.write_index)
    i.write_pixels                           0x08003214   Section        0  gfx_mk.o(i.write_pixels)
    write_pixels                             0x08003215   Thumb Code    92  gfx_mk.o(i.write_pixels)
    i.write_ref_codeword                     0x08003270   Section        0  gfx_mk.o(i.write_ref_codeword)
    write_ref_codeword                       0x08003271   Thumb Code    60  gfx_mk.o(i.write_ref_codeword)
    i.write_rle_dictentry                    0x080032ac   Section        0  gfx_mk.o(i.write_rle_dictentry)
    write_rle_dictentry                      0x080032ad   Thumb Code   130  gfx_mk.o(i.write_rle_dictentry)
    .constdata                               0x0800332e   Section       16  system_stm32f1xx.o(.constdata)
    .constdata                               0x0800333e   Section      578  gfx_mk.o(.constdata)
    mf_rlefont_DejaVuSans32_dictionary_data  0x0800333e   Data         578  gfx_mk.o(.constdata)
    .constdata                               0x08003580   Section      282  gfx_mk.o(.constdata)
    mf_rlefont_DejaVuSans32_dictionary_offsets 0x08003580   Data         282  gfx_mk.o(.constdata)
    .constdata                               0x0800369a   Section     2504  gfx_mk.o(.constdata)
    mf_rlefont_DejaVuSans32_glyph_data_0     0x0800369a   Data        2504  gfx_mk.o(.constdata)
    .constdata                               0x08004062   Section      190  gfx_mk.o(.constdata)
    mf_rlefont_DejaVuSans32_glyph_offsets_0  0x08004062   Data         190  gfx_mk.o(.constdata)
    .constdata                               0x08004120   Section       12  gfx_mk.o(.constdata)
    mf_rlefont_DejaVuSans32_char_ranges      0x08004120   Data          12  gfx_mk.o(.constdata)
    .constdata                               0x0800412c   Section       48  gfx_mk.o(.constdata)
    .constdata                               0x0800415c   Section        8  gfx_mk.o(.constdata)
    mf_rlefont_DejaVuSans32_listentry        0x0800415c   Data           8  gfx_mk.o(.constdata)
    .constdata                               0x08004164   Section      141  gfx_mk.o(.constdata)
    mf_rlefont_LargeNumbers_dictionary_data  0x08004164   Data         141  gfx_mk.o(.constdata)
    .constdata                               0x080041f2   Section      110  gfx_mk.o(.constdata)
    mf_rlefont_LargeNumbers_dictionary_offsets 0x080041f2   Data         110  gfx_mk.o(.constdata)
    .constdata                               0x08004260   Section      630  gfx_mk.o(.constdata)
    mf_rlefont_LargeNumbers_glyph_data_0     0x08004260   Data         630  gfx_mk.o(.constdata)
    .constdata                               0x080044d6   Section       52  gfx_mk.o(.constdata)
    mf_rlefont_LargeNumbers_glyph_offsets_0  0x080044d6   Data          52  gfx_mk.o(.constdata)
    .constdata                               0x0800450c   Section       12  gfx_mk.o(.constdata)
    mf_rlefont_LargeNumbers_char_ranges      0x0800450c   Data          12  gfx_mk.o(.constdata)
    .constdata                               0x08004518   Section       48  gfx_mk.o(.constdata)
    .constdata                               0x08004548   Section        8  gfx_mk.o(.constdata)
    mf_rlefont_LargeNumbers_listentry        0x08004548   Data           8  gfx_mk.o(.constdata)
    .constdata                               0x08004550   Section      159  gfx_mk.o(.constdata)
    mf_rlefont_UI2_dictionary_data           0x08004550   Data         159  gfx_mk.o(.constdata)
    .constdata                               0x080045f0   Section      124  gfx_mk.o(.constdata)
    mf_rlefont_UI2_dictionary_offsets        0x080045f0   Data         124  gfx_mk.o(.constdata)
    .constdata                               0x0800466c   Section      822  gfx_mk.o(.constdata)
    mf_rlefont_UI2_glyph_data_0              0x0800466c   Data         822  gfx_mk.o(.constdata)
    .constdata                               0x080049a2   Section      190  gfx_mk.o(.constdata)
    mf_rlefont_UI2_glyph_offsets_0           0x080049a2   Data         190  gfx_mk.o(.constdata)
    .constdata                               0x08004a60   Section       12  gfx_mk.o(.constdata)
    mf_rlefont_UI2_char_ranges               0x08004a60   Data          12  gfx_mk.o(.constdata)
    .constdata                               0x08004a6c   Section       48  gfx_mk.o(.constdata)
    .constdata                               0x08004a9c   Section       36  gfx_mk.o(.constdata)
    .constdata                               0x08004ac0   Section       36  gfx_mk.o(.constdata)
    .constdata                               0x08004ae4   Section        8  gfx_mk.o(.constdata)
    mf_rlefont_UI2_Double_listentry          0x08004ae4   Data           8  gfx_mk.o(.constdata)
    .constdata                               0x08004aec   Section        8  gfx_mk.o(.constdata)
    mf_rlefont_UI2_Narrow_listentry          0x08004aec   Data           8  gfx_mk.o(.constdata)
    .constdata                               0x08004af4   Section      136  gfx_mk.o(.constdata)
    mf_rlefont_UI2_listentry                 0x08004af4   Data           8  gfx_mk.o(.constdata)
    blks                                     0x08004afc   Data         128  gfx_mk.o(.constdata)
    .constdata                               0x08004b7c   Section       96  gdisp_lld_ili9320.o(.constdata)
    .conststring                             0x08004bdc   Section       33  gfx_mk.o(.conststring)
    .conststring                             0x08004c00   Section       33  gfx_mk.o(.conststring)
    .conststring                             0x08004c24   Section        4  gfx_mk.o(.conststring)
    .conststring                             0x08004c28   Section       11  gfx_mk.o(.conststring)
    .conststring                             0x08004c34   Section       11  gfx_mk.o(.conststring)
    .data                                    0x20000000   Section        4  system_stm32f1xx.o(.data)
    .data                                    0x20000004   Section       56  gfx_mk.o(.data)
    gfxInitDone                              0x20000004   Data           1  gfx_mk.o(.data)
    stackdirup                               0x20000005   Data           1  gfx_mk.o(.data)
    gdispInitDone                            0x20000006   Data           1  gfx_mk.o(.data)
    jmpmask1                                 0x2000000c   Data           4  gfx_mk.o(.data)
    jmpmask2                                 0x20000010   Data           4  gfx_mk.o(.data)
    stackbase                                0x20000014   Data           4  gfx_mk.o(.data)
    pframeinfo                               0x20000018   Data           4  gfx_mk.o(.data)
    dhead                                    0x2000001c   Data           4  gfx_mk.o(.data)
    dtail                                    0x20000020   Data           4  gfx_mk.o(.data)
    fontList                                 0x20000028   Data           4  gfx_mk.o(.data)
    readyQ                                   0x2000002c   Data           8  gfx_mk.o(.data)
    deadQ                                    0x20000034   Data           8  gfx_mk.o(.data)
    .data                                    0x2000003c   Section        6  main.o(.data)
    .data                                    0x20000044   Section        4  stm32f1xx_hal.o(.data)
    .data                                    0x20000048   Section        4  mvars.o(.data)
    .data                                    0x2000004c   Section        4  mvars.o(.data)
    .bss                                     0x20000050   Section      184  gfx_mk.o(.bss)
    mainthread                               0x20000050   Data          24  gfx_mk.o(.bss)
    maincxt                                  0x20000068   Data         160  gfx_mk.o(.bss)
    .bss                                     0x20000108   Section       48  main.o(.bss)
    .bss                                     0x20000138   Section       68  main.o(.bss)
    HEAP                                     0x20000180   Section      512  startup_stm32f103xe.o(HEAP)
    STACK                                    0x20000380   Section     1024  startup_stm32f103xe.o(STACK)

    Global Symbols

    Symbol Name                              Value     Ov Type        Size  Object(Section)

    BuildAttributes$$THM_ISAv4$P$D$K$B$S$PE$A:L22UL41UL21$X:L11$S22US41US21$IEEE1$IW$USESV6$~STKCKD$USESV7$~SHL$OTIME$ROPI$IEEEX$EBA8$MICROLIB$REQ8$PRES8$EABIv2 0x00000000   Number         0  anon$$obj.o ABSOLUTE
    __ARM_use_no_argv                        0x00000000   Number         0  main.o ABSOLUTE
    _printf_a                                0x00000000   Number         0  stubs.o ABSOLUTE
    _printf_c                                0x00000000   Number         0  stubs.o ABSOLUTE
    _printf_charcount                        0x00000000   Number         0  stubs.o ABSOLUTE
    _printf_d                                0x00000000   Number         0  stubs.o ABSOLUTE
    _printf_e                                0x00000000   Number         0  stubs.o ABSOLUTE
    _printf_f                                0x00000000   Number         0  stubs.o ABSOLUTE
    _printf_flags                            0x00000000   Number         0  stubs.o ABSOLUTE
    _printf_fp_dec                           0x00000000   Number         0  stubs.o ABSOLUTE
    _printf_fp_hex                           0x00000000   Number         0  stubs.o ABSOLUTE
    _printf_g                                0x00000000   Number         0  stubs.o ABSOLUTE
    _printf_i                                0x00000000   Number         0  stubs.o ABSOLUTE
    _printf_int_dec                          0x00000000   Number         0  stubs.o ABSOLUTE
    _printf_l                                0x00000000   Number         0  stubs.o ABSOLUTE
    _printf_lc                               0x00000000   Number         0  stubs.o ABSOLUTE
    _printf_ll                               0x00000000   Number         0  stubs.o ABSOLUTE
    _printf_lld                              0x00000000   Number         0  stubs.o ABSOLUTE
    _printf_lli                              0x00000000   Number         0  stubs.o ABSOLUTE
    _printf_llo                              0x00000000   Number         0  stubs.o ABSOLUTE
    _printf_llu                              0x00000000   Number         0  stubs.o ABSOLUTE
    _printf_llx                              0x00000000   Number         0  stubs.o ABSOLUTE
    _printf_longlong_dec                     0x00000000   Number         0  stubs.o ABSOLUTE
    _printf_longlong_hex                     0x00000000   Number         0  stubs.o ABSOLUTE
    _printf_longlong_oct                     0x00000000   Number         0  stubs.o ABSOLUTE
    _printf_ls                               0x00000000   Number         0  stubs.o ABSOLUTE
    _printf_mbtowc                           0x00000000   Number         0  stubs.o ABSOLUTE
    _printf_n                                0x00000000   Number         0  stubs.o ABSOLUTE
    _printf_o                                0x00000000   Number         0  stubs.o ABSOLUTE
    _printf_p                                0x00000000   Number         0  stubs.o ABSOLUTE
    _printf_percent                          0x00000000   Number         0  stubs.o ABSOLUTE
    _printf_pre_padding                      0x00000000   Number         0  stubs.o ABSOLUTE
    _printf_return_value                     0x00000000   Number         0  stubs.o ABSOLUTE
    _printf_s                                0x00000000   Number         0  stubs.o ABSOLUTE
    _printf_sizespec                         0x00000000   Number         0  stubs.o ABSOLUTE
    _printf_str                              0x00000000   Number         0  stubs.o ABSOLUTE
    _printf_truncate_signed                  0x00000000   Number         0  stubs.o ABSOLUTE
    _printf_truncate_unsigned                0x00000000   Number         0  stubs.o ABSOLUTE
    _printf_u                                0x00000000   Number         0  stubs.o ABSOLUTE
    _printf_wc                               0x00000000   Number         0  stubs.o ABSOLUTE
    _printf_wctomb                           0x00000000   Number         0  stubs.o ABSOLUTE
    _printf_widthprec                        0x00000000   Number         0  stubs.o ABSOLUTE
    _printf_x                                0x00000000   Number         0  stubs.o ABSOLUTE
    __alloca_longjmp                          - Undefined Weak Reference
    __alloca_setjmp                           - Undefined Weak Reference
    __cpp_initialize__aeabi_                  - Undefined Weak Reference
    __cxa_finalize                            - Undefined Weak Reference
    __decompress                              - Undefined Weak Reference
    _clock_init                               - Undefined Weak Reference
    _microlib_exit                            - Undefined Weak Reference
    __Vectors_Size                           0x00000130   Number         0  startup_stm32f103xe.o ABSOLUTE
    __Vectors                                0x08000000   Data           4  startup_stm32f103xe.o(RESET)
    __Vectors_End                            0x08000130   Data           0  startup_stm32f103xe.o(RESET)
    __main                                   0x08000131   Thumb Code     0  entry.o(.ARM.Collect$$$$00000000)
    _main_stk                                0x08000131   Thumb Code     0  entry2.o(.ARM.Collect$$$$00000001)
    _main_scatterload                        0x08000135   Thumb Code     0  entry5.o(.ARM.Collect$$$$00000004)
    __main_after_scatterload                 0x08000139   Thumb Code     0  entry5.o(.ARM.Collect$$$$00000004)
    _main_clock                              0x08000139   Thumb Code     0  entry7b.o(.ARM.Collect$$$$00000008)
    _main_cpp_init                           0x08000139   Thumb Code     0  entry8b.o(.ARM.Collect$$$$0000000A)
    _main_init                               0x08000139   Thumb Code     0  entry9a.o(.ARM.Collect$$$$0000000B)
    __rt_final_cpp                           0x08000141   Thumb Code     0  entry10a.o(.ARM.Collect$$$$0000000D)
    __rt_final_exit                          0x08000141   Thumb Code     0  entry11a.o(.ARM.Collect$$$$0000000F)
    Reset_Handler                            0x08000145   Thumb Code     8  startup_stm32f103xe.o(.text)
    ADC3_IRQHandler                          0x0800015f   Thumb Code     0  startup_stm32f103xe.o(.text)
    CAN1_RX1_IRQHandler                      0x0800015f   Thumb Code     0  startup_stm32f103xe.o(.text)
    CAN1_SCE_IRQHandler                      0x0800015f   Thumb Code     0  startup_stm32f103xe.o(.text)
    DMA1_Channel2_IRQHandler                 0x0800015f   Thumb Code     0  startup_stm32f103xe.o(.text)
    DMA1_Channel3_IRQHandler                 0x0800015f   Thumb Code     0  startup_stm32f103xe.o(.text)
    DMA1_Channel4_IRQHandler                 0x0800015f   Thumb Code     0  startup_stm32f103xe.o(.text)
    DMA1_Channel5_IRQHandler                 0x0800015f   Thumb Code     0  startup_stm32f103xe.o(.text)
    DMA1_Channel6_IRQHandler                 0x0800015f   Thumb Code     0  startup_stm32f103xe.o(.text)
    DMA1_Channel7_IRQHandler                 0x0800015f   Thumb Code     0  startup_stm32f103xe.o(.text)
    DMA2_Channel1_IRQHandler                 0x0800015f   Thumb Code     0  startup_stm32f103xe.o(.text)
    DMA2_Channel2_IRQHandler                 0x0800015f   Thumb Code     0  startup_stm32f103xe.o(.text)
    DMA2_Channel3_IRQHandler                 0x0800015f   Thumb Code     0  startup_stm32f103xe.o(.text)
    DMA2_Channel4_5_IRQHandler               0x0800015f   Thumb Code     0  startup_stm32f103xe.o(.text)
    EXTI0_IRQHandler                         0x0800015f   Thumb Code     0  startup_stm32f103xe.o(.text)
    EXTI15_10_IRQHandler                     0x0800015f   Thumb Code     0  startup_stm32f103xe.o(.text)
    EXTI1_IRQHandler                         0x0800015f   Thumb Code     0  startup_stm32f103xe.o(.text)
    EXTI2_IRQHandler                         0x0800015f   Thumb Code     0  startup_stm32f103xe.o(.text)
    EXTI3_IRQHandler                         0x0800015f   Thumb Code     0  startup_stm32f103xe.o(.text)
    EXTI4_IRQHandler                         0x0800015f   Thumb Code     0  startup_stm32f103xe.o(.text)
    EXTI9_5_IRQHandler                       0x0800015f   Thumb Code     0  startup_stm32f103xe.o(.text)
    FLASH_IRQHandler                         0x0800015f   Thumb Code     0  startup_stm32f103xe.o(.text)
    FSMC_IRQHandler                          0x0800015f   Thumb Code     0  startup_stm32f103xe.o(.text)
    I2C1_ER_IRQHandler                       0x0800015f   Thumb Code     0  startup_stm32f103xe.o(.text)
    I2C1_EV_IRQHandler                       0x0800015f   Thumb Code     0  startup_stm32f103xe.o(.text)
    I2C2_ER_IRQHandler                       0x0800015f   Thumb Code     0  startup_stm32f103xe.o(.text)
    I2C2_EV_IRQHandler                       0x0800015f   Thumb Code     0  startup_stm32f103xe.o(.text)
    PVD_IRQHandler                           0x0800015f   Thumb Code     0  startup_stm32f103xe.o(.text)
    RTC_Alarm_IRQHandler                     0x0800015f   Thumb Code     0  startup_stm32f103xe.o(.text)
    RTC_IRQHandler                           0x0800015f   Thumb Code     0  startup_stm32f103xe.o(.text)
    SDIO_IRQHandler                          0x0800015f   Thumb Code     0  startup_stm32f103xe.o(.text)
    SPI1_IRQHandler                          0x0800015f   Thumb Code     0  startup_stm32f103xe.o(.text)
    SPI2_IRQHandler                          0x0800015f   Thumb Code     0  startup_stm32f103xe.o(.text)
    SPI3_IRQHandler                          0x0800015f   Thumb Code     0  startup_stm32f103xe.o(.text)
    TAMPER_IRQHandler                        0x0800015f   Thumb Code     0  startup_stm32f103xe.o(.text)
    TIM1_BRK_IRQHandler                      0x0800015f   Thumb Code     0  startup_stm32f103xe.o(.text)
    TIM1_CC_IRQHandler                       0x0800015f   Thumb Code     0  startup_stm32f103xe.o(.text)
    TIM1_TRG_COM_IRQHandler                  0x0800015f   Thumb Code     0  startup_stm32f103xe.o(.text)
    TIM1_UP_IRQHandler                       0x0800015f   Thumb Code     0  startup_stm32f103xe.o(.text)
    TIM2_IRQHandler                          0x0800015f   Thumb Code     0  startup_stm32f103xe.o(.text)
    TIM3_IRQHandler                          0x0800015f   Thumb Code     0  startup_stm32f103xe.o(.text)
    TIM4_IRQHandler                          0x0800015f   Thumb Code     0  startup_stm32f103xe.o(.text)
    TIM5_IRQHandler                          0x0800015f   Thumb Code     0  startup_stm32f103xe.o(.text)
    TIM6_IRQHandler                          0x0800015f   Thumb Code     0  startup_stm32f103xe.o(.text)
    TIM7_IRQHandler                          0x0800015f   Thumb Code     0  startup_stm32f103xe.o(.text)
    TIM8_BRK_IRQHandler                      0x0800015f   Thumb Code     0  startup_stm32f103xe.o(.text)
    TIM8_CC_IRQHandler                       0x0800015f   Thumb Code     0  startup_stm32f103xe.o(.text)
    TIM8_TRG_COM_IRQHandler                  0x0800015f   Thumb Code     0  startup_stm32f103xe.o(.text)
    TIM8_UP_IRQHandler                       0x0800015f   Thumb Code     0  startup_stm32f103xe.o(.text)
    UART4_IRQHandler                         0x0800015f   Thumb Code     0  startup_stm32f103xe.o(.text)
    UART5_IRQHandler                         0x0800015f   Thumb Code     0  startup_stm32f103xe.o(.text)
    USART1_IRQHandler                        0x0800015f   Thumb Code     0  startup_stm32f103xe.o(.text)
    USART2_IRQHandler                        0x0800015f   Thumb Code     0  startup_stm32f103xe.o(.text)
    USART3_IRQHandler                        0x0800015f   Thumb Code     0  startup_stm32f103xe.o(.text)
    USBWakeUp_IRQHandler                     0x0800015f   Thumb Code     0  startup_stm32f103xe.o(.text)
    USB_HP_CAN1_TX_IRQHandler                0x0800015f   Thumb Code     0  startup_stm32f103xe.o(.text)
    USB_LP_CAN1_RX0_IRQHandler               0x0800015f   Thumb Code     0  startup_stm32f103xe.o(.text)
    WWDG_IRQHandler                          0x0800015f   Thumb Code     0  startup_stm32f103xe.o(.text)
    __aeabi_memcpy                           0x08000169   Thumb Code    36  memcpya.o(.text)
    __aeabi_memcpy4                          0x08000169   Thumb Code     0  memcpya.o(.text)
    __aeabi_memcpy8                          0x08000169   Thumb Code     0  memcpya.o(.text)
    __aeabi_memset                           0x0800018d   Thumb Code    14  memseta.o(.text)
    __aeabi_memset4                          0x0800018d   Thumb Code     0  memseta.o(.text)
    __aeabi_memset8                          0x0800018d   Thumb Code     0  memseta.o(.text)
    __aeabi_memclr                           0x0800019b   Thumb Code     4  memseta.o(.text)
    __aeabi_memclr4                          0x0800019b   Thumb Code     0  memseta.o(.text)
    __aeabi_memclr8                          0x0800019b   Thumb Code     0  memseta.o(.text)
    _memset$wrapper                          0x0800019f   Thumb Code    18  memseta.o(.text)
    strncpy                                  0x080001b1   Thumb Code    24  strncpy.o(.text)
    setjmp                                   0x080001c9   Thumb Code    26  setjmp.o(.text)
    longjmp                                  0x080001e3   Thumb Code    36  setjmp.o(.text)
    __aeabi_uidiv                            0x08000207   Thumb Code     0  uidiv.o(.text)
    __aeabi_uidivmod                         0x08000207   Thumb Code    44  uidiv.o(.text)
    __scatterload                            0x08000235   Thumb Code    28  init.o(.text)
    __scatterload_rt2                        0x08000235   Thumb Code     0  init.o(.text)
    ADC1_2_IRQHandler                        0x08000259   Thumb Code     6  stm32f1xx_it.o(i.ADC1_2_IRQHandler)
    ADC_ConversionStop_Disable               0x08000265   Thumb Code    76  stm32f1xx_hal_adc.o(i.ADC_ConversionStop_Disable)
    ADC_DMAConvCplt                          0x080002b1   Thumb Code    78  stm32f1xx_hal_adc.o(i.ADC_DMAConvCplt)
    ADC_DMAError                             0x080002ff   Thumb Code    26  stm32f1xx_hal_adc.o(i.ADC_DMAError)
    ADC_DMAHalfConvCplt                      0x08000319   Thumb Code    10  stm32f1xx_hal_adc.o(i.ADC_DMAHalfConvCplt)
    ADC_Enable                               0x08000325   Thumb Code   104  stm32f1xx_hal_adc.o(i.ADC_Enable)
    BusFault_Handler                         0x08000395   Thumb Code     2  stm32f1xx_it.o(i.BusFault_Handler)
    DMA1_Channel1_IRQHandler                 0x08000399   Thumb Code     6  stm32f1xx_it.o(i.DMA1_Channel1_IRQHandler)
    DebugMon_Handler                         0x080003cf   Thumb Code     2  stm32f1xx_it.o(i.DebugMon_Handler)
    GPIOE_Read                               0x080003d1   Thumb Code    30  main.o(i.GPIOE_Read)
    GPIOE_Write                              0x080003f5   Thumb Code    26  main.o(i.GPIOE_Write)
    HAL_ADCEx_InjectedConvCpltCallback       0x08000415   Thumb Code     2  stm32f1xx_hal_adc_ex.o(i.HAL_ADCEx_InjectedConvCpltCallback)
    HAL_ADC_ConfigChannel                    0x08000419   Thumb Code   240  stm32f1xx_hal_adc.o(i.HAL_ADC_ConfigChannel)
    HAL_ADC_ConvCpltCallback                 0x08000515   Thumb Code     2  stm32f1xx_hal_adc.o(i.HAL_ADC_ConvCpltCallback)
    HAL_ADC_ConvHalfCpltCallback             0x08000517   Thumb Code     2  stm32f1xx_hal_adc.o(i.HAL_ADC_ConvHalfCpltCallback)
    HAL_ADC_ErrorCallback                    0x08000519   Thumb Code     2  stm32f1xx_hal_adc.o(i.HAL_ADC_ErrorCallback)
    HAL_ADC_IRQHandler                       0x0800051b   Thumb Code   230  stm32f1xx_hal_adc.o(i.HAL_ADC_IRQHandler)
    HAL_ADC_Init                             0x08000601   Thumb Code   272  stm32f1xx_hal_adc.o(i.HAL_ADC_Init)
    HAL_ADC_LevelOutOfWindowCallback         0x08000721   Thumb Code     2  stm32f1xx_hal_adc.o(i.HAL_ADC_LevelOutOfWindowCallback)
    HAL_ADC_MspInit                          0x08000725   Thumb Code   116  stm32f1xx_hal_msp.o(i.HAL_ADC_MspInit)
    HAL_ADC_Start_DMA                        0x080007c9   Thumb Code   246  stm32f1xx_hal_adc.o(i.HAL_ADC_Start_DMA)
    HAL_DMA_IRQHandler                       0x080008d5   Thumb Code   552  stm32f1xx_hal_dma.o(i.HAL_DMA_IRQHandler)
    HAL_DMA_Init                             0x08000b1d   Thumb Code   120  stm32f1xx_hal_dma.o(i.HAL_DMA_Init)
    HAL_DMA_Start_IT                         0x08000ba1   Thumb Code   112  stm32f1xx_hal_dma.o(i.HAL_DMA_Start_IT)
    HAL_Delay                                0x08000c11   Thumb Code    28  stm32f1xx_hal.o(i.HAL_Delay)
    HAL_GPIO_Init                            0x08000c2d   Thumb Code   446  stm32f1xx_hal_gpio.o(i.HAL_GPIO_Init)
    HAL_GPIO_WritePin                        0x08000e15   Thumb Code    10  stm32f1xx_hal_gpio.o(i.HAL_GPIO_WritePin)
    HAL_GetTick                              0x08000e21   Thumb Code     6  stm32f1xx_hal.o(i.HAL_GetTick)
    HAL_IncTick                              0x08000e2d   Thumb Code    10  stm32f1xx_hal.o(i.HAL_IncTick)
    HAL_Init                                 0x08000e3d   Thumb Code    32  stm32f1xx_hal.o(i.HAL_Init)
    HAL_InitTick                             0x08000e61   Thumb Code    34  stm32f1xx_hal.o(i.HAL_InitTick)
    HAL_MspInit                              0x08000e89   Thumb Code   138  stm32f1xx_hal_msp.o(i.HAL_MspInit)
    HAL_NVIC_EnableIRQ                       0x08000f1d   Thumb Code    22  stm32f1xx_hal_cortex.o(i.HAL_NVIC_EnableIRQ)
    HAL_NVIC_SetPriority                     0x08000f35   Thumb Code    60  stm32f1xx_hal_cortex.o(i.HAL_NVIC_SetPriority)
    HAL_NVIC_SetPriorityGrouping             0x08000f75   Thumb Code    26  stm32f1xx_hal_cortex.o(i.HAL_NVIC_SetPriorityGrouping)
    HAL_RCCEx_PeriphCLKConfig                0x08000f99   Thumb Code   224  stm32f1xx_hal_rcc_ex.o(i.HAL_RCCEx_PeriphCLKConfig)
    HAL_RCC_ClockConfig                      0x08001085   Thumb Code   322  stm32f1xx_hal_rcc.o(i.HAL_RCC_ClockConfig)
    HAL_RCC_GetHCLKFreq                      0x080011d9   Thumb Code     6  stm32f1xx_hal_rcc.o(i.HAL_RCC_GetHCLKFreq)
    HAL_RCC_GetSysClockFreq                  0x080011e5   Thumb Code    74  stm32f1xx_hal_rcc.o(i.HAL_RCC_GetSysClockFreq)
    HAL_RCC_OscConfig                        0x08001251   Thumb Code   750  stm32f1xx_hal_rcc.o(i.HAL_RCC_OscConfig)
    HAL_SYSTICK_CLKSourceConfig              0x08001555   Thumb Code    24  stm32f1xx_hal_cortex.o(i.HAL_SYSTICK_CLKSourceConfig)
    HAL_SYSTICK_Callback                     0x0800156d   Thumb Code     2  stm32f1xx_hal_cortex.o(i.HAL_SYSTICK_Callback)
    HAL_SYSTICK_Config                       0x0800156f   Thumb Code    40  stm32f1xx_hal_cortex.o(i.HAL_SYSTICK_Config)
    HAL_SYSTICK_IRQHandler                   0x08001597   Thumb Code     8  stm32f1xx_hal_cortex.o(i.HAL_SYSTICK_IRQHandler)
    HardFault_Handler                        0x0800159f   Thumb Code     2  stm32f1xx_it.o(i.HardFault_Handler)
    MemManage_Handler                        0x080016ad   Thumb Code     2  stm32f1xx_it.o(i.MemManage_Handler)
    NMI_Handler                              0x080016af   Thumb Code     2  stm32f1xx_it.o(i.NMI_Handler)
    PendSV_Handler                           0x080016d1   Thumb Code     2  stm32f1xx_it.o(i.PendSV_Handler)
    RCC_IRQHandler                           0x080016f7   Thumb Code     2  stm32f1xx_it.o(i.RCC_IRQHandler)
    SVC_Handler                              0x080016f9   Thumb Code     2  stm32f1xx_it.o(i.SVC_Handler)
    SysTick_Handler                          0x08001775   Thumb Code    14  stm32f1xx_it.o(i.SysTick_Handler)
    SystemClock_Config                       0x08001783   Thumb Code   110  main.o(i.SystemClock_Config)
    SystemInit                               0x080017f1   Thumb Code    56  system_stm32f1xx.o(i.SystemInit)
    UsageFault_Handler                       0x08001839   Thumb Code     2  stm32f1xx_it.o(i.UsageFault_Handler)
    _Error_Handler                           0x0800183b   Thumb Code     2  main.o(i._Error_Handler)
    __0snprintf$1                            0x0800183d   Thumb Code    44  printf1.o(i.__0snprintf$1)
    __1snprintf$1                            0x0800183d   Thumb Code     0  printf1.o(i.__0snprintf$1)
    __2snprintf                              0x0800183d   Thumb Code     0  printf1.o(i.__0snprintf$1)
    free                                     0x0800186d   Thumb Code    88  mallocr.o(i.__free$realloc)
    malloc                                   0x080018c9   Thumb Code    64  mallocr.o(i.__malloc$realloc)
    __scatterload_copy                       0x08001919   Thumb Code    14  handlers.o(i.__scatterload_copy)
    __scatterload_null                       0x08001927   Thumb Code     2  handlers.o(i.__scatterload_null)
    __scatterload_zeroinit                   0x08001929   Thumb Code    14  handlers.o(i.__scatterload_zeroinit)
    _gdispDeInitDriver                       0x08001939   Thumb Code    22  gfx_mk.o(i._gdispDeInitDriver)
    _gdispInit                               0x08001955   Thumb Code    56  gfx_mk.o(i._gdispInit)
    _gdispInitDriver                         0x08001995   Thumb Code    14  gfx_mk.o(i._gdispInitDriver)
    _gdispPostInitDriver                     0x080019a5   Thumb Code    62  gfx_mk.o(i._gdispPostInitDriver)
    _gfxGetStackState                        0x08001a69   Thumb Code    16  gfx_mk.o(i._gfxGetStackState)
    _gfxGetStackStateInFn                    0x08001a7d   Thumb Code    22  gfx_mk.o(i._gfxGetStackStateInFn)
    _gosThreadsInit                          0x08001b8d   Thumb Code    38  gfx_mk.o(i._gosThreadsInit)
    gdispGClear                              0x08001e01   Thumb Code    54  gfx_mk.o(i.gdispGClear)
    gdispGControl                            0x08001e37   Thumb Code   104  gfx_mk.o(i.gdispGControl)
    gdispGDrawString                         0x08001ea1   Thumb Code    68  gfx_mk.o(i.gdispGDrawString)
    gdispGFillArea                           0x08001ee9   Thumb Code   118  gfx_mk.o(i.gdispGFillArea)
    gdispGSetClip                            0x08001f5f   Thumb Code    86  gfx_mk.o(i.gdispGSetClip)
    gdispOpenFont                            0x08001fb5   Thumb Code    70  gfx_mk.o(i.gdispOpenFont)
    gdisp_lld_control                        0x08002005   Thumb Code   804  gdisp_lld_ili9320.o(i.gdisp_lld_control)
    gdisp_lld_init                           0x08002329   Thumb Code  1050  gdisp_lld_ili9320.o(i.gdisp_lld_init)
    gdisp_lld_read_color                     0x08002743   Thumb Code     4  gdisp_lld_ili9320.o(i.gdisp_lld_read_color)
    gdisp_lld_read_start                     0x08002747   Thumb Code    34  gdisp_lld_ili9320.o(i.gdisp_lld_read_start)
    gdisp_lld_read_stop                      0x08002769   Thumb Code     4  gdisp_lld_ili9320.o(i.gdisp_lld_read_stop)
    gdisp_lld_write_color                    0x0800276d   Thumb Code     6  gdisp_lld_ili9320.o(i.gdisp_lld_write_color)
    gdisp_lld_write_start                    0x08002773   Thumb Code    18  gdisp_lld_ili9320.o(i.gdisp_lld_write_start)
    gdisp_lld_write_stop                     0x08002785   Thumb Code     2  gdisp_lld_ili9320.o(i.gdisp_lld_write_stop)
    gdriverGetInstance                       0x08002789   Thumb Code    34  gfx_mk.o(i.gdriverGetInstance)
    gdriverGetNext                           0x080027b1   Thumb Code    30  gfx_mk.o(i.gdriverGetNext)
    gdriverRegister                          0x080027d5   Thumb Code   130  gfx_mk.o(i.gdriverRegister)
    gfxAlloc                                 0x0800285d   Thumb Code     4  gfx_mk.o(i.gfxAlloc)
    gfxExit                                  0x08002861   Thumb Code    10  gfx_mk.o(i.gfxExit)
    gfxInit                                  0x0800286d   Thumb Code    28  gfx_mk.o(i.gfxInit)
    gfxMillisecondsToTicks                   0x0800288d   Thumb Code     2  main.o(i.gfxMillisecondsToTicks)
    gfxSleepMicroseconds                     0x0800288f   Thumb Code    54  gfx_mk.o(i.gfxSleepMicroseconds)
    gfxSleepMilliseconds                     0x080028c5   Thumb Code    46  gfx_mk.o(i.gfxSleepMilliseconds)
    gfxSystemTicks                           0x080028f3   Thumb Code     4  main.o(i.gfxSystemTicks)
    gfxThreadExit                            0x080028f9   Thumb Code    64  gfx_mk.o(i.gfxThreadExit)
    gfxYield                                 0x0800293d   Thumb Code    70  gfx_mk.o(i.gfxYield)
    main                                     0x08002a5d   Thumb Code   192  main.o(i.main)
    mf_character_width                       0x08002b83   Thumb Code    26  gfx_mk.o(i.mf_character_width)
    mf_get_string_width                      0x08002b9d   Thumb Code    80  gfx_mk.o(i.mf_get_string_width)
    mf_getchar                               0x08002bed   Thumb Code   106  gfx_mk.o(i.mf_getchar)
    mf_render_aligned                        0x08002c57   Thumb Code   178  gfx_mk.o(i.mf_render_aligned)
    mf_render_character                      0x08002d09   Thumb Code    48  gfx_mk.o(i.mf_render_character)
    mf_rewind                                0x08002d39   Thumb Code    30  gfx_mk.o(i.mf_rewind)
    mf_rlefont_character_width               0x08002d57   Thumb Code    14  gfx_mk.o(i.mf_rlefont_character_width)
    mf_rlefont_render_character              0x08002d65   Thumb Code   176  gfx_mk.o(i.mf_rlefont_render_character)
    mf_scaled_character_width                0x08002e4b   Thumb Code    22  gfx_mk.o(i.mf_scaled_character_width)
    mf_scaled_render_character               0x08002e61   Thumb Code    70  gfx_mk.o(i.mf_scaled_render_character)
    AHBPrescTable                            0x0800332e   Data          16  system_stm32f1xx.o(.constdata)
    mf_rlefont_DejaVuSans32                  0x0800412c   Data          48  gfx_mk.o(.constdata)
    mf_rlefont_LargeNumbers                  0x08004518   Data          48  gfx_mk.o(.constdata)
    mf_rlefont_UI2                           0x08004a6c   Data          48  gfx_mk.o(.constdata)
    mf_rlefont_UI2_Narrow                    0x08004a9c   Data          36  gfx_mk.o(.constdata)
    mf_rlefont_UI2_Double                    0x08004ac0   Data          36  gfx_mk.o(.constdata)
    GDISPVMT_OnlyOne                         0x08004b7c   Data          96  gdisp_lld_ili9320.o(.constdata)
    Region$$Table$$Base                      0x08004c40   Number         0  anon$$obj.o(Region$$Table)
    Region$$Table$$Limit                     0x08004c60   Number         0  anon$$obj.o(Region$$Table)
    SystemCoreClock                          0x20000000   Data           4  system_stm32f1xx.o(.data)
    _gfxCurrentThread                        0x20000008   Data           4  gfx_mk.o(.data)
    GDISP                                    0x20000024   Data           4  gfx_mk.o(.data)
    adc_raw                                  0x2000003c   Data           6  main.o(.data)
    uwTick                                   0x20000044   Data           4  stm32f1xx_hal.o(.data)
    __microlib_freelist                      0x20000048   Data           4  mvars.o(.data)
    __microlib_freelist_initialised          0x2000004c   Data           4  mvars.o(.data)
    hadc1                                    0x20000108   Data          48  main.o(.bss)
    hdma_adc1                                0x20000138   Data          68  main.o(.bss)
    __heap_base                              0x20000180   Data           0  startup_stm32f103xe.o(HEAP)
    __heap_limit                             0x20000380   Data           0  startup_stm32f103xe.o(HEAP)
    __initial_sp                             0x20000780   Data           0  startup_stm32f103xe.o(STACK)



==============================================================================

Memory Map of the image

  Image Entry point : 0x08000131

  Load Region LR_IROM1 (Base: 0x08000000, Size: 0x00004cb0, Max: 0x00080000, ABSOLUTE)

    Execution Region ER_IROM1 (Exec base: 0x08000000, Load base: 0x08000000, Size: 0x00004c60, Max: 0x00080000, ABSOLUTE)

    Exec Addr    Load Addr    Size         Type   Attr      Idx    E Section Name        Object

    0x08000000   0x08000000   0x00000130   Data   RO         3101    RESET               startup_stm32f103xe.o
    0x08000130   0x08000130   0x00000000   Code   RO         3134  * .ARM.Collect$$$$00000000  mc_w.l(entry.o)
    0x08000130   0x08000130   0x00000004   Code   RO         3484    .ARM.Collect$$$$00000001  mc_w.l(entry2.o)
    0x08000134   0x08000134   0x00000004   Code   RO         3487    .ARM.Collect$$$$00000004  mc_w.l(entry5.o)
    0x08000138   0x08000138   0x00000000   Code   RO         3489    .ARM.Collect$$$$00000008  mc_w.l(entry7b.o)
    0x08000138   0x08000138   0x00000000   Code   RO         3491    .ARM.Collect$$$$0000000A  mc_w.l(entry8b.o)
    0x08000138   0x08000138   0x00000008   Code   RO         3492    .ARM.Collect$$$$0000000B  mc_w.l(entry9a.o)
    0x08000140   0x08000140   0x00000000   Code   RO         3494    .ARM.Collect$$$$0000000D  mc_w.l(entry10a.o)
    0x08000140   0x08000140   0x00000000   Code   RO         3496    .ARM.Collect$$$$0000000F  mc_w.l(entry11a.o)
    0x08000140   0x08000140   0x00000004   Code   RO         3485    .ARM.Collect$$$$00002712  mc_w.l(entry2.o)
    0x08000144   0x08000144   0x00000024   Code   RO         3102    .text               startup_stm32f103xe.o
    0x08000168   0x08000168   0x00000024   Code   RO         3139    .text               mc_w.l(memcpya.o)
    0x0800018c   0x0800018c   0x00000024   Code   RO         3141    .text               mc_w.l(memseta.o)
    0x080001b0   0x080001b0   0x00000018   Code   RO         3143    .text               mc_w.l(strncpy.o)
    0x080001c8   0x080001c8   0x0000003e   Code   RO         3448    .text               mf_w.l(setjmp.o)
    0x08000206   0x08000206   0x0000002c   Code   RO         3501    .text               mc_w.l(uidiv.o)
    0x08000232   0x08000232   0x00000002   PAD
    0x08000234   0x08000234   0x00000024   Code   RO         3529    .text               mc_w.l(init.o)
    0x08000258   0x08000258   0x0000000c   Code   RO         1790    i.ADC1_2_IRQHandler  stm32f1xx_it.o
    0x08000264   0x08000264   0x0000004c   Code   RO         2826    i.ADC_ConversionStop_Disable  stm32f1xx_hal_adc.o
    0x080002b0   0x080002b0   0x0000004e   Code   RO         2827    i.ADC_DMAConvCplt   stm32f1xx_hal_adc.o
    0x080002fe   0x080002fe   0x0000001a   Code   RO         2828    i.ADC_DMAError      stm32f1xx_hal_adc.o
    0x08000318   0x08000318   0x0000000a   Code   RO         2829    i.ADC_DMAHalfConvCplt  stm32f1xx_hal_adc.o
    0x08000322   0x08000322   0x00000002   PAD
    0x08000324   0x08000324   0x00000070   Code   RO         2830    i.ADC_Enable        stm32f1xx_hal_adc.o
    0x08000394   0x08000394   0x00000002   Code   RO         1791    i.BusFault_Handler  stm32f1xx_it.o
    0x08000396   0x08000396   0x00000002   PAD
    0x08000398   0x08000398   0x0000000c   Code   RO         1792    i.DMA1_Channel1_IRQHandler  stm32f1xx_it.o
    0x080003a4   0x080003a4   0x0000002a   Code   RO         2267    i.DMA_SetConfig     stm32f1xx_hal_dma.o
    0x080003ce   0x080003ce   0x00000002   Code   RO         1793    i.DebugMon_Handler  stm32f1xx_it.o
    0x080003d0   0x080003d0   0x00000024   Code   RO         1701    i.GPIOE_Read        main.o
    0x080003f4   0x080003f4   0x00000020   Code   RO         1702    i.GPIOE_Write       main.o
    0x08000414   0x08000414   0x00000002   Code   RO         3008    i.HAL_ADCEx_InjectedConvCpltCallback  stm32f1xx_hal_adc_ex.o
    0x08000416   0x08000416   0x00000002   PAD
    0x08000418   0x08000418   0x000000fc   Code   RO         2832    i.HAL_ADC_ConfigChannel  stm32f1xx_hal_adc.o
    0x08000514   0x08000514   0x00000002   Code   RO         2833    i.HAL_ADC_ConvCpltCallback  stm32f1xx_hal_adc.o
    0x08000516   0x08000516   0x00000002   Code   RO         2834    i.HAL_ADC_ConvHalfCpltCallback  stm32f1xx_hal_adc.o
    0x08000518   0x08000518   0x00000002   Code   RO         2836    i.HAL_ADC_ErrorCallback  stm32f1xx_hal_adc.o
    0x0800051a   0x0800051a   0x000000e6   Code   RO         2840    i.HAL_ADC_IRQHandler  stm32f1xx_hal_adc.o
    0x08000600   0x08000600   0x00000120   Code   RO         2841    i.HAL_ADC_Init      stm32f1xx_hal_adc.o
    0x08000720   0x08000720   0x00000002   Code   RO         2842    i.HAL_ADC_LevelOutOfWindowCallback  stm32f1xx_hal_adc.o
    0x08000722   0x08000722   0x00000002   PAD
    0x08000724   0x08000724   0x000000a4   Code   RO         1665    i.HAL_ADC_MspInit   stm32f1xx_hal_msp.o
    0x080007c8   0x080007c8   0x0000010c   Code   RO         2848    i.HAL_ADC_Start_DMA  stm32f1xx_hal_adc.o
    0x080008d4   0x080008d4   0x00000248   Code   RO         2273    i.HAL_DMA_IRQHandler  stm32f1xx_hal_dma.o
    0x08000b1c   0x08000b1c   0x00000084   Code   RO         2274    i.HAL_DMA_Init      stm32f1xx_hal_dma.o
    0x08000ba0   0x08000ba0   0x00000070   Code   RO         2278    i.HAL_DMA_Start_IT  stm32f1xx_hal_dma.o
    0x08000c10   0x08000c10   0x0000001c   Code   RO         2133    i.HAL_Delay         stm32f1xx_hal.o
    0x08000c2c   0x08000c2c   0x000001e8   Code   RO         2763    i.HAL_GPIO_Init     stm32f1xx_hal_gpio.o
    0x08000e14   0x08000e14   0x0000000a   Code   RO         2767    i.HAL_GPIO_WritePin  stm32f1xx_hal_gpio.o
    0x08000e1e   0x08000e1e   0x00000002   PAD
    0x08000e20   0x08000e20   0x0000000c   Code   RO         2137    i.HAL_GetTick       stm32f1xx_hal.o
    0x08000e2c   0x08000e2c   0x00000010   Code   RO         2139    i.HAL_IncTick       stm32f1xx_hal.o
    0x08000e3c   0x08000e3c   0x00000024   Code   RO         2140    i.HAL_Init          stm32f1xx_hal.o
    0x08000e60   0x08000e60   0x00000028   Code   RO         2141    i.HAL_InitTick      stm32f1xx_hal.o
    0x08000e88   0x08000e88   0x00000094   Code   RO         1666    i.HAL_MspInit       stm32f1xx_hal_msp.o
    0x08000f1c   0x08000f1c   0x00000016   Code   RO         2645    i.HAL_NVIC_EnableIRQ  stm32f1xx_hal_cortex.o
    0x08000f32   0x08000f32   0x00000002   PAD
    0x08000f34   0x08000f34   0x00000040   Code   RO         2651    i.HAL_NVIC_SetPriority  stm32f1xx_hal_cortex.o
    0x08000f74   0x08000f74   0x00000024   Code   RO         2652    i.HAL_NVIC_SetPriorityGrouping  stm32f1xx_hal_cortex.o
    0x08000f98   0x08000f98   0x000000ec   Code   RO         2364    i.HAL_RCCEx_PeriphCLKConfig  stm32f1xx_hal_rcc_ex.o
    0x08001084   0x08001084   0x00000154   Code   RO         2524    i.HAL_RCC_ClockConfig  stm32f1xx_hal_rcc.o
    0x080011d8   0x080011d8   0x0000000c   Code   RO         2529    i.HAL_RCC_GetHCLKFreq  stm32f1xx_hal_rcc.o
    0x080011e4   0x080011e4   0x0000006c   Code   RO         2533    i.HAL_RCC_GetSysClockFreq  stm32f1xx_hal_rcc.o
    0x08001250   0x08001250   0x00000304   Code   RO         2536    i.HAL_RCC_OscConfig  stm32f1xx_hal_rcc.o
    0x08001554   0x08001554   0x00000018   Code   RO         2654    i.HAL_SYSTICK_CLKSourceConfig  stm32f1xx_hal_cortex.o
    0x0800156c   0x0800156c   0x00000002   Code   RO         2655    i.HAL_SYSTICK_Callback  stm32f1xx_hal_cortex.o
    0x0800156e   0x0800156e   0x00000028   Code   RO         2656    i.HAL_SYSTICK_Config  stm32f1xx_hal_cortex.o
    0x08001596   0x08001596   0x00000008   Code   RO         2657    i.HAL_SYSTICK_IRQHandler  stm32f1xx_hal_cortex.o
    0x0800159e   0x0800159e   0x00000002   Code   RO         1794    i.HardFault_Handler  stm32f1xx_it.o
    0x080015a0   0x080015a0   0x00000070   Code   RO         1703    i.MX_ADC1_Init      main.o
    0x08001610   0x08001610   0x0000009c   Code   RO         1704    i.MX_GPIO_Init      main.o
    0x080016ac   0x080016ac   0x00000002   Code   RO         1795    i.MemManage_Handler  stm32f1xx_it.o
    0x080016ae   0x080016ae   0x00000002   Code   RO         1796    i.NMI_Handler       stm32f1xx_it.o
    0x080016b0   0x080016b0   0x00000020   Code   RO         2658    i.NVIC_SetPriority  stm32f1xx_hal_cortex.o
    0x080016d0   0x080016d0   0x00000002   Code   RO         1797    i.PendSV_Handler    stm32f1xx_it.o
    0x080016d2   0x080016d2   0x00000016   Code   RO          116    i.Qadd              gfx_mk.o
    0x080016e8   0x080016e8   0x0000000e   Code   RO          117    i.Qpop              gfx_mk.o
    0x080016f6   0x080016f6   0x00000002   Code   RO         1798    i.RCC_IRQHandler    stm32f1xx_it.o
    0x080016f8   0x080016f8   0x00000002   Code   RO         1799    i.SVC_Handler       stm32f1xx_it.o
    0x080016fa   0x080016fa   0x00000002   PAD
    0x080016fc   0x080016fc   0x00000078   Code   RO          118    i.StartupLogoDisplay  gfx_mk.o
    0x08001774   0x08001774   0x0000000e   Code   RO         1800    i.SysTick_Handler   stm32f1xx_it.o
    0x08001782   0x08001782   0x0000006e   Code   RO         1705    i.SystemClock_Config  main.o
    0x080017f0   0x080017f0   0x00000048   Code   RO            5    i.SystemInit        system_stm32f1xx.o
    0x08001838   0x08001838   0x00000002   Code   RO         1801    i.UsageFault_Handler  stm32f1xx_it.o
    0x0800183a   0x0800183a   0x00000002   Code   RO         1706    i._Error_Handler    main.o
    0x0800183c   0x0800183c   0x00000030   Code   RO         3193    i.__0snprintf$1     mc_w.l(printf1.o)
    0x0800186c   0x0800186c   0x0000005c   Code   RO         3412    i.__free$realloc    mc_w.l(mallocr.o)
    0x080018c8   0x080018c8   0x00000050   Code   RO         3413    i.__malloc$realloc  mc_w.l(mallocr.o)
    0x08001918   0x08001918   0x0000000e   Code   RO         3537    i.__scatterload_copy  mc_w.l(handlers.o)
    0x08001926   0x08001926   0x00000002   Code   RO         3538    i.__scatterload_null  mc_w.l(handlers.o)
    0x08001928   0x08001928   0x0000000e   Code   RO         3539    i.__scatterload_zeroinit  mc_w.l(handlers.o)
    0x08001936   0x08001936   0x00000002   PAD
    0x08001938   0x08001938   0x0000001c   Code   RO          119    i._gdispDeInitDriver  gfx_mk.o
    0x08001954   0x08001954   0x00000040   Code   RO          121    i._gdispInit        gfx_mk.o
    0x08001994   0x08001994   0x0000000e   Code   RO          122    i._gdispInitDriver  gfx_mk.o
    0x080019a2   0x080019a2   0x00000002   PAD
    0x080019a4   0x080019a4   0x00000044   Code   RO          123    i._gdispPostInitDriver  gfx_mk.o
    0x080019e8   0x080019e8   0x00000080   Code   RO          126    i._gfxAdjustCxt     gfx_mk.o
    0x08001a68   0x08001a68   0x00000014   Code   RO          127    i._gfxGetStackState  gfx_mk.o
    0x08001a7c   0x08001a7c   0x0000001c   Code   RO          128    i._gfxGetStackStateInFn  gfx_mk.o
    0x08001a98   0x08001a98   0x000000b4   Code   RO          129    i._gfxThreadsInit   gfx_mk.o
    0x08001b4c   0x08001b4c   0x00000040   Code   RO          130    i._gfxXSwitch       gfx_mk.o
    0x08001b8c   0x08001b8c   0x00000030   Code   RO          135    i._gosThreadsInit   gfx_mk.o
    0x08001bbc   0x08001bbc   0x00000154   Code   RO         3199    i._printf_core      mc_w.l(printf1.o)
    0x08001d10   0x08001d10   0x00000016   Code   RO         3200    i._snputc           mc_w.l(printf1.o)
    0x08001d26   0x08001d26   0x00000002   PAD
    0x08001d28   0x08001d28   0x0000001c   Code   RO          136    i.drawcharglyph     gfx_mk.o
    0x08001d44   0x08001d44   0x0000005c   Code   RO          137    i.drawcharline      gfx_mk.o
    0x08001da0   0x08001da0   0x0000002a   Code   RO          139    i.fillarea          gfx_mk.o
    0x08001dca   0x08001dca   0x00000036   Code   RO          142    i.find_glyph        gfx_mk.o
    0x08001e00   0x08001e00   0x00000036   Code   RO          148    i.gdispGClear       gfx_mk.o
    0x08001e36   0x08001e36   0x00000068   Code   RO          149    i.gdispGControl     gfx_mk.o
    0x08001e9e   0x08001e9e   0x00000002   PAD
    0x08001ea0   0x08001ea0   0x00000048   Code   RO          157    i.gdispGDrawString  gfx_mk.o
    0x08001ee8   0x08001ee8   0x00000076   Code   RO          161    i.gdispGFillArea    gfx_mk.o
    0x08001f5e   0x08001f5e   0x00000056   Code   RO          175    i.gdispGSetClip     gfx_mk.o
    0x08001fb4   0x08001fb4   0x00000050   Code   RO          183    i.gdispOpenFont     gfx_mk.o
    0x08002004   0x08002004   0x00000324   Code   RO         1420    i.gdisp_lld_control  gdisp_lld_ili9320.o
    0x08002328   0x08002328   0x0000041a   Code   RO         1421    i.gdisp_lld_init    gdisp_lld_ili9320.o
    0x08002742   0x08002742   0x00000004   Code   RO         1422    i.gdisp_lld_read_color  gdisp_lld_ili9320.o
    0x08002746   0x08002746   0x00000022   Code   RO         1423    i.gdisp_lld_read_start  gdisp_lld_ili9320.o
    0x08002768   0x08002768   0x00000004   Code   RO         1424    i.gdisp_lld_read_stop  gdisp_lld_ili9320.o
    0x0800276c   0x0800276c   0x00000006   Code   RO         1425    i.gdisp_lld_write_color  gdisp_lld_ili9320.o
    0x08002772   0x08002772   0x00000012   Code   RO         1426    i.gdisp_lld_write_start  gdisp_lld_ili9320.o
    0x08002784   0x08002784   0x00000002   Code   RO         1427    i.gdisp_lld_write_stop  gdisp_lld_ili9320.o
    0x08002786   0x08002786   0x00000002   PAD
    0x08002788   0x08002788   0x00000028   Code   RO          187    i.gdriverGetInstance  gfx_mk.o
    0x080027b0   0x080027b0   0x00000024   Code   RO          188    i.gdriverGetNext    gfx_mk.o
    0x080027d4   0x080027d4   0x00000088   Code   RO          190    i.gdriverRegister   gfx_mk.o
    0x0800285c   0x0800285c   0x00000004   Code   RO          193    i.gfxAlloc          gfx_mk.o
    0x08002860   0x08002860   0x0000000a   Code   RO          195    i.gfxExit           gfx_mk.o
    0x0800286a   0x0800286a   0x00000002   PAD
    0x0800286c   0x0800286c   0x00000020   Code   RO          198    i.gfxInit           gfx_mk.o
    0x0800288c   0x0800288c   0x00000002   Code   RO         1707    i.gfxMillisecondsToTicks  main.o
    0x0800288e   0x0800288e   0x00000036   Code   RO          208    i.gfxSleepMicroseconds  gfx_mk.o
    0x080028c4   0x080028c4   0x0000002e   Code   RO          209    i.gfxSleepMilliseconds  gfx_mk.o
    0x080028f2   0x080028f2   0x00000004   Code   RO         1708    i.gfxSystemTicks    main.o
    0x080028f6   0x080028f6   0x00000002   PAD
    0x080028f8   0x080028f8   0x00000044   Code   RO          213    i.gfxThreadExit     gfx_mk.o
    0x0800293c   0x0800293c   0x0000004c   Code   RO          216    i.gfxYield          gfx_mk.o
    0x08002988   0x08002988   0x00000082   Code   RO          217    i.hline_clip        gfx_mk.o
    0x08002a0a   0x08002a0a   0x00000002   PAD
    0x08002a0c   0x08002a0c   0x00000050   Code   RO         3414    i.internal_alloc    mc_w.l(mallocr.o)
    0x08002a5c   0x08002a5c   0x000000f0   Code   RO         1709    i.main              main.o
    0x08002b4c   0x08002b4c   0x00000036   Code   RO          219    i.matchfont         gfx_mk.o
    0x08002b82   0x08002b82   0x0000001a   Code   RO          222    i.mf_character_width  gfx_mk.o
    0x08002b9c   0x08002b9c   0x00000050   Code   RO          225    i.mf_get_string_width  gfx_mk.o
    0x08002bec   0x08002bec   0x0000006a   Code   RO          226    i.mf_getchar        gfx_mk.o
    0x08002c56   0x08002c56   0x000000b2   Code   RO          227    i.mf_render_aligned  gfx_mk.o
    0x08002d08   0x08002d08   0x00000030   Code   RO          228    i.mf_render_character  gfx_mk.o
    0x08002d38   0x08002d38   0x0000001e   Code   RO          230    i.mf_rewind         gfx_mk.o
    0x08002d56   0x08002d56   0x0000000e   Code   RO          231    i.mf_rlefont_character_width  gfx_mk.o
    0x08002d64   0x08002d64   0x000000b0   Code   RO          232    i.mf_rlefont_render_character  gfx_mk.o
    0x08002e14   0x08002e14   0x00000036   Code   RO          233    i.mf_round_to_tab   gfx_mk.o
    0x08002e4a   0x08002e4a   0x00000016   Code   RO          235    i.mf_scaled_character_width  gfx_mk.o
    0x08002e60   0x08002e60   0x0000004c   Code   RO          236    i.mf_scaled_render_character  gfx_mk.o
    0x08002eac   0x08002eac   0x00000030   Code   RO         1428    i.read_data         gdisp_lld_ili9320.o
    0x08002edc   0x08002edc   0x00000048   Code   RO          239    i.render_left       gfx_mk.o
    0x08002f24   0x08002f24   0x0000009c   Code   RO          240    i.render_right      gfx_mk.o
    0x08002fc0   0x08002fc0   0x0000004c   Code   RO          241    i.scaled_pixel_callback  gfx_mk.o
    0x0800300c   0x0800300c   0x00000058   Code   RO         1429    i.set_cursor        gdisp_lld_ili9320.o
    0x08003064   0x08003064   0x000000aa   Code   RO         1430    i.set_viewport      gdisp_lld_ili9320.o
    0x0800310e   0x0800310e   0x00000024   Code   RO          242    i.skip_pixels       gfx_mk.o
    0x08003132   0x08003132   0x00000076   Code   RO          245    i.write_bin_codeword  gfx_mk.o
    0x080031a8   0x080031a8   0x0000002c   Code   RO         1431    i.write_data        gdisp_lld_ili9320.o
    0x080031d4   0x080031d4   0x00000040   Code   RO         1432    i.write_index       gdisp_lld_ili9320.o
    0x08003214   0x08003214   0x0000005c   Code   RO          246    i.write_pixels      gfx_mk.o
    0x08003270   0x08003270   0x0000003c   Code   RO          247    i.write_ref_codeword  gfx_mk.o
    0x080032ac   0x080032ac   0x00000082   Code   RO          248    i.write_rle_dictentry  gfx_mk.o
    0x0800332e   0x0800332e   0x00000010   Data   RO            6    .constdata          system_stm32f1xx.o
    0x0800333e   0x0800333e   0x00000242   Data   RO          250    .constdata          gfx_mk.o
    0x08003580   0x08003580   0x0000011a   Data   RO          251    .constdata          gfx_mk.o
    0x0800369a   0x0800369a   0x000009c8   Data   RO          252    .constdata          gfx_mk.o
    0x08004062   0x08004062   0x000000be   Data   RO          253    .constdata          gfx_mk.o
    0x08004120   0x08004120   0x0000000c   Data   RO          254    .constdata          gfx_mk.o
    0x0800412c   0x0800412c   0x00000030   Data   RO          255    .constdata          gfx_mk.o
    0x0800415c   0x0800415c   0x00000008   Data   RO          256    .constdata          gfx_mk.o
    0x08004164   0x08004164   0x0000008d   Data   RO          257    .constdata          gfx_mk.o
    0x080041f1   0x080041f1   0x00000001   PAD
    0x080041f2   0x080041f2   0x0000006e   Data   RO          258    .constdata          gfx_mk.o
    0x08004260   0x08004260   0x00000276   Data   RO          259    .constdata          gfx_mk.o
    0x080044d6   0x080044d6   0x00000034   Data   RO          260    .constdata          gfx_mk.o
    0x0800450a   0x0800450a   0x00000002   PAD
    0x0800450c   0x0800450c   0x0000000c   Data   RO          261    .constdata          gfx_mk.o
    0x08004518   0x08004518   0x00000030   Data   RO          262    .constdata          gfx_mk.o
    0x08004548   0x08004548   0x00000008   Data   RO          263    .constdata          gfx_mk.o
    0x08004550   0x08004550   0x0000009f   Data   RO          264    .constdata          gfx_mk.o
    0x080045ef   0x080045ef   0x00000001   PAD
    0x080045f0   0x080045f0   0x0000007c   Data   RO          265    .constdata          gfx_mk.o
    0x0800466c   0x0800466c   0x00000336   Data   RO          266    .constdata          gfx_mk.o
    0x080049a2   0x080049a2   0x000000be   Data   RO          267    .constdata          gfx_mk.o
    0x08004a60   0x08004a60   0x0000000c   Data   RO          268    .constdata          gfx_mk.o
    0x08004a6c   0x08004a6c   0x00000030   Data   RO          269    .constdata          gfx_mk.o
    0x08004a9c   0x08004a9c   0x00000024   Data   RO          270    .constdata          gfx_mk.o
    0x08004ac0   0x08004ac0   0x00000024   Data   RO          271    .constdata          gfx_mk.o
    0x08004ae4   0x08004ae4   0x00000008   Data   RO          272    .constdata          gfx_mk.o
    0x08004aec   0x08004aec   0x00000008   Data   RO          273    .constdata          gfx_mk.o
    0x08004af4   0x08004af4   0x00000088   Data   RO          274    .constdata          gfx_mk.o
    0x08004b7c   0x08004b7c   0x00000060   Data   RO         1433    .constdata          gdisp_lld_ili9320.o
    0x08004bdc   0x08004bdc   0x00000021   Data   RO          275    .conststring        gfx_mk.o
    0x08004bfd   0x08004bfd   0x00000003   PAD
    0x08004c00   0x08004c00   0x00000021   Data   RO          276    .conststring        gfx_mk.o
    0x08004c21   0x08004c21   0x00000003   PAD
    0x08004c24   0x08004c24   0x00000004   Data   RO          277    .conststring        gfx_mk.o
    0x08004c28   0x08004c28   0x0000000b   Data   RO          278    .conststring        gfx_mk.o
    0x08004c33   0x08004c33   0x00000001   PAD
    0x08004c34   0x08004c34   0x0000000b   Data   RO          279    .conststring        gfx_mk.o
    0x08004c3f   0x08004c3f   0x00000001   PAD
    0x08004c40   0x08004c40   0x00000020   Data   RO         3535    Region$$Table       anon$$obj.o


    Execution Region RW_IRAM1 (Exec base: 0x20000000, Load base: 0x08004c60, Size: 0x00000780, Max: 0x00010000, ABSOLUTE)

    Exec Addr    Load Addr    Size         Type   Attr      Idx    E Section Name        Object

    0x20000000   0x08004c60   0x00000004   Data   RW            8    .data               system_stm32f1xx.o
    0x20000004   0x08004c64   0x00000038   Data   RW          280    .data               gfx_mk.o
    0x2000003c   0x08004c9c   0x00000006   Data   RW         1713    .data               main.o
    0x20000042   0x08004ca2   0x00000002   PAD
    0x20000044   0x08004ca4   0x00000004   Data   RW         2146    .data               stm32f1xx_hal.o
    0x20000048   0x08004ca8   0x00000004   Data   RW         3509    .data               mc_w.l(mvars.o)
    0x2000004c   0x08004cac   0x00000004   Data   RW         3510    .data               mc_w.l(mvars.o)
    0x20000050        -       0x000000b8   Zero   RW          249    .bss                gfx_mk.o
    0x20000108        -       0x00000030   Zero   RW         1710    .bss                main.o
    0x20000138        -       0x00000044   Zero   RW         1711    .bss                main.o
    0x2000017c   0x08004cb0   0x00000004   PAD
    0x20000180        -       0x00000200   Zero   RW         3100    HEAP                startup_stm32f103xe.o
    0x20000380        -       0x00000400   Zero   RW         3099    STACK               startup_stm32f103xe.o


==============================================================================

Image component sizes


      Code (inc. data)   RO Data    RW Data    ZI Data      Debug   Object Name

      2336         34         96          0          0      27367   gdisp_lld_ili9320.o
      3764        118       6294         56        184      65172   gfx_mk.o
       694         80          0          6        116      10478   main.o
        36          8        304          0       1536        788   startup_stm32f103xe.o
       132         22          0          4          0       3787   stm32f1xx_hal.o
      1348         58          0          0          0      10098   stm32f1xx_hal_adc.o
         2          0          0          0          0       1093   stm32f1xx_hal_adc_ex.o
       228         14          0          0          0      27553   stm32f1xx_hal_cortex.o
       870         44          0          0          0       3763   stm32f1xx_hal_dma.o
       498         42          0          0          0       2936   stm32f1xx_hal_gpio.o
       312         58          0          0          0       1640   stm32f1xx_hal_msp.o
      1232         80          0          0          0       4594   stm32f1xx_hal_rcc.o
       236         12          0          0          0       1424   stm32f1xx_hal_rcc_ex.o
        56         12          0          0          0       5330   stm32f1xx_it.o
        72         16         16          4          0     465355   system_stm32f1xx.o

    ----------------------------------------------------------------------
     11842        598       6754         72       1840     631378   Object Totals
         0          0         32          0          0          0   (incl. Generated)
        26          0         12          2          4          0   (incl. Padding)

    ----------------------------------------------------------------------

      Code (inc. data)   RO Data    RW Data    ZI Data      Debug   Library Member Name

         0          0          0          0          0          0   entry.o
         0          0          0          0          0          0   entry10a.o
         0          0          0          0          0          0   entry11a.o
         8          4          0          0          0          0   entry2.o
         4          0          0          0          0          0   entry5.o
         0          0          0          0          0          0   entry7b.o
         0          0          0          0          0          0   entry8b.o
         8          4          0          0          0          0   entry9a.o
        30          0          0          0          0          0   handlers.o
        36          8          0          0          0         68   init.o
       252         24          0          0          0        252   mallocr.o
        36          0          0          0          0         68   memcpya.o
        36          0          0          0          0        108   memseta.o
         0          0          0          8          0          0   mvars.o
       410          8          0          0          0        252   printf1.o
        24          0          0          0          0         76   strncpy.o
        44          0          0          0          0         80   uidiv.o
        62          0          0          0          0         96   setjmp.o

    ----------------------------------------------------------------------
       956         48          0          8          0       1000   Library Totals
         6          0          0          0          0          0   (incl. Padding)

    ----------------------------------------------------------------------

      Code (inc. data)   RO Data    RW Data    ZI Data      Debug   Library Name

       888         48          0          8          0        904   mc_w.l
        62          0          0          0          0         96   mf_w.l

    ----------------------------------------------------------------------
       956         48          0          8          0       1000   Library Totals

    ----------------------------------------------------------------------

==============================================================================


      Code (inc. data)   RO Data    RW Data    ZI Data      Debug   

     12798        646       6754         80       1840     625562   Grand Totals
     12798        646       6754         80       1840     625562   ELF Image Totals
     12798        646       6754         80          0          0   ROM Totals

==============================================================================

    Total RO  Size (Code + RO Data)                19552 (  19.09kB)
    Total RW  Size (RW Data + ZI Data)              1920 (   1.88kB)
    Total ROM Size (Code + RO Data + RW Data)      19632 (  19.17kB)

==============================================================================

